<html>
<body>
<pre>
<h1>µVision Build Log</h1>
<h2>Tool Versions:</h2>
IDE-Version: ¦ÌVision V5.12.0.0
Copyright (C) 2014 ARM Ltd and ARM Germany GmbH. All rights reserved.
License Information: young sheldon, gdou, LIC=MGXAR-KFL65-SFSI0-BEHZC-DMA3P-8B9Z1
 
Tool Versions:
Toolchain:       MDK-ARM Professional  Version: 5.12.0.0
Toolchain Path:  D:\Keil_v5\ARM\ARMCC\Bin
C Compiler:      Armcc.exe V5.05 (build 41)
Assembler:       Armasm.exe V5.05 (build 41)
Linker/Locator:  ArmLink.exe V5.05 (build 41)
Library Manager: ArmAr.exe V5.05 (build 41)
Hex Converter:   FromElf.exe V5.05 (build 41)
CPU DLL:         SARMCM3.DLL V5.12.0.0
Dialog DLL:      DCM.DLL V1.13.0.0
    Target DLL: Segger\JL2CM3.dll
Dialog DLL:      TCM.DLL V1.14.2.0
 
<h2>Project:</h2>
E:\www\stm32_for_smarthome\USER\OLED.uvprojx
Project File Date:  04/25/2016

<h2>Output:</h2>
Rebuild target 'OLED'
compiling main.c...
ui.h(49): warning:  #1295-D: Deprecated declaration MainMenuItemShow - give arg types
  void MainMenuItemShow();
ui.h(67): warning:  #1295-D: Deprecated declaration MainMenuIntoSubMenu - give arg types
  void MainMenuIntoSubMenu();
ui.h(69): warning:  #1295-D: Deprecated declaration FireAlarm - give arg types
  void FireAlarm();
..\HARDWARE\NET\net.h(21): warning:  #1295-D: Deprecated declaration SwitchDetect - give arg types
  void SwitchDetect( );
main.c: 4 warnings, 0 errors
compiling stm32f10x_it.c...
ui.h(49): warning:  #1295-D: Deprecated declaration MainMenuItemShow - give arg types
  void MainMenuItemShow();
ui.h(67): warning:  #1295-D: Deprecated declaration MainMenuIntoSubMenu - give arg types
  void MainMenuIntoSubMenu();
ui.h(69): warning:  #1295-D: Deprecated declaration FireAlarm - give arg types
  void FireAlarm();
..\HARDWARE\NET\net.h(21): warning:  #1295-D: Deprecated declaration SwitchDetect - give arg types
  void SwitchDetect( );
stm32f10x_it.c: 4 warnings, 0 errors
compiling system_stm32f10x.c...
compiling ui.c...
ui.h(49): warning:  #1295-D: Deprecated declaration MainMenuItemShow - give arg types
  void MainMenuItemShow();
ui.h(67): warning:  #1295-D: Deprecated declaration MainMenuIntoSubMenu - give arg types
  void MainMenuIntoSubMenu();
ui.h(69): warning:  #1295-D: Deprecated declaration FireAlarm - give arg types
  void FireAlarm();
ui.c(136): warning:  #223-D: function "memset" declared implicitly
      memset(dev->ShorAddr,0,4);
ui.c(335): warning:  #167-D: argument of type "char *" is incompatible with parameter of type "u8 *"
      OLED_ShowString(56,0,ShortAddr,4); 
ui.c(766): warning:  #1-D: last line of file ends without a newline
  /**************************************************************************************************************/ 
ui.c: 6 warnings, 0 errors
compiling led.c...
compiling key.c...
compiling oled.c...
compiling timer.c...
compiling Usart3.c...
..\HARDWARE\USART3\Usart3.c(107): warning:  #223-D: function "Uart1_Put_Char" declared implicitly
          Uart1_Put_Char(*(Str+i));
..\HARDWARE\USART3\Usart3.c(108): warning:  #1-D: last line of file ends without a newline
  }
..\HARDWARE\USART3\Usart3.c: 2 warnings, 0 errors
compiling edp.c...
..\HARDWARE\EDP\edp.c(319): warning:  #940-D: missing return statement at end of non-void function "edpCommandReqParse"
  }
..\HARDWARE\EDP\edp.c(336): warning:  #940-D: missing return statement at end of non-void function "edpPushDataParse"
  }
..\HARDWARE\EDP\edp.c: 2 warnings, 0 errors
compiling Usart2.c...
..\HARDWARE\USART2\Usart2.c(73): warning:  #550-D: variable "data" was set but never used
      u8 data;
..\HARDWARE\USART2\Usart2.c(16): warning:  #177-D: variable "data_to_send" was declared but never referenced
  static u8 data_to_send[50];   //·¢ËÍÊý¾Ý»º´æ
..\HARDWARE\USART2\Usart2.c: 2 warnings, 0 errors
compiling net.c...
..\USER\ui.h(49): warning:  #1295-D: Deprecated declaration MainMenuItemShow - give arg types
  void MainMenuItemShow();
..\USER\ui.h(67): warning:  #1295-D: Deprecated declaration MainMenuIntoSubMenu - give arg types
  void MainMenuIntoSubMenu();
..\USER\ui.h(69): warning:  #1295-D: Deprecated declaration FireAlarm - give arg types
  void FireAlarm();
..\HARDWARE\NET\net.h(21): warning:  #1295-D: Deprecated declaration SwitchDetect - give arg types
  void SwitchDetect( );
..\HARDWARE\NET\net.c(325): warning:  #167-D: argument of type "u8 *" is incompatible with parameter of type "const char *"
          if(strstr(SaveRxBuffer,"Ai-Thinker Technology") || strstr(SaveRxBuffer,"wdt reset") || strstr(SaveRxBuffer,"wdt ready"))
..\HARDWARE\NET\net.c(325): warning:  #167-D: argument of type "u8 *" is incompatible with parameter of type "const char *"
          if(strstr(SaveRxBuffer,"Ai-Thinker Technology") || strstr(SaveRxBuffer,"wdt reset") || strstr(SaveRxBuffer,"wdt ready"))
..\HARDWARE\NET\net.c(325): warning:  #167-D: argument of type "u8 *" is incompatible with parameter of type "const char *"
          if(strstr(SaveRxBuffer,"Ai-Thinker Technology") || strstr(SaveRxBuffer,"wdt reset") || strstr(SaveRxBuffer,"wdt ready"))
..\HARDWARE\NET\net.c: 7 warnings, 0 errors
compiling eeprom.c...
compiling delay.c...
compiling sys.c...
compiling usart.c...
..\USER\ui.h(49): warning:  #1295-D: Deprecated declaration MainMenuItemShow - give arg types
  void MainMenuItemShow();
..\USER\ui.h(67): warning:  #1295-D: Deprecated declaration MainMenuIntoSubMenu - give arg types
  void MainMenuIntoSubMenu();
..\USER\ui.h(69): warning:  #1295-D: Deprecated declaration FireAlarm - give arg types
  void FireAlarm();
..\SYSTEM\usart\usart.c(225): warning:  #167-D: argument of type "u8 *" is incompatible with parameter of type "const char *restrict"
        strcat(dev->ShorAddr,addr);
..\SYSTEM\usart\usart.c(35): warning:  #177-D: variable "data_to_send" was declared but never referenced
  static u8 data_to_send[50];
..\SYSTEM\usart\usart.c: 5 warnings, 0 errors
compiling core_cm3.c...
assembling startup_stm32f10x_md.s...
compiling misc.c...
compiling stm32f10x_gpio.c...
compiling stm32f10x_rcc.c...
compiling stm32f10x_usart.c...
compiling stm32f10x_tim.c...
compiling stm32f10x_flash.c...
linking...
Program Size: Code=21392 RO-data=2340 RW-data=4476 ZI-data=3124  
FromELF: creating hex file...
"..\OBJ\OLED.axf" - 0 Error(s), 32 Warning(s).

<h2>Collection of Component include folders:</h2>
  E:\www\stm32_for_smarthome\USER\RTE
  D:\Keil_v5\ARM\PACK\Keil\STM32F1xx_DFP\2.0.0

<h2>Collection of Component Files used:</h2>
</pre>
</body>
</html>
