Component: ARM Compiler 5.05 (build 41) Tool: armlink [4d0eb9]

==============================================================================

Section Cross References

    main.o(.text) refers to delay.o(.text) for delay_init
    main.o(.text) refers to misc.o(.text) for NVIC_PriorityGroupConfig
    main.o(.text) refers to usart.o(.text) for uart_init
    main.o(.text) refers to usart2.o(.text) for Uart2_Init
    main.o(.text) refers to oled.o(.text) for OLED_Init
    main.o(.text) refers to led.o(.text) for LED_Init
    main.o(.text) refers to key.o(.text) for KEY_Init
    main.o(.text) refers to timer.o(.text) for TIM3_Int_Init
    main.o(.text) refers to net.o(.text) for NET_Init
    main.o(.text) refers to ui.o(.text) for EEPROM_Init
    main.o(.text) refers to stm32f10x_it.o(.data) for StartToUploadFlag
    stm32f10x_it.o(.text) refers to stm32f10x_tim.o(.text) for TIM_GetITStatus
    stm32f10x_it.o(.text) refers to ui.o(.text) for SendCommand
    stm32f10x_it.o(.text) refers to net.o(.text) for UpLoadZigbeeEndDeviceSensorDataToCloud
    stm32f10x_it.o(.text) refers to usart2.o(.text) for Uart2_IRQ
    stm32f10x_it.o(.text) refers to stm32f10x_it.o(.data) for couter
    stm32f10x_it.o(.text) refers to ui.o(.data) for SendCmdFlag
    system_stm32f10x.o(.text) refers to system_stm32f10x.o(.data) for SystemCoreClock
    ui.o(.text) refers to stm32f10x_flash.o(.text) for FLASH_Unlock
    ui.o(.text) refers to eeprom.o(.text) for EE_Init
    ui.o(.text) refers to stm32f10x_usart.o(.text) for USART_SendData
    ui.o(.text) refers to oled.o(.text) for OLED_ShowCHinese
    ui.o(.text) refers to ui.o(.bss) for Lamp
    ui.o(.text) refers to ui.o(.data) for VirtAddVarTab
    ui.o(.text) refers to key.o(.text) for KEY_Scan
    led.o(.text) refers to stm32f10x_rcc.o(.text) for RCC_APB2PeriphClockCmd
    led.o(.text) refers to stm32f10x_gpio.o(.text) for GPIO_PinRemapConfig
    key.o(.text) refers to stm32f10x_rcc.o(.text) for RCC_APB2PeriphClockCmd
    key.o(.text) refers to stm32f10x_gpio.o(.text) for GPIO_Init
    key.o(.text) refers to delay.o(.text) for delay_ms
    oled.o(.text) refers to stm32f10x_gpio.o(.text) for GPIO_SetBits
    oled.o(.text) refers to stm32f10x_rcc.o(.text) for RCC_APB2PeriphClockCmd
    oled.o(.text) refers to delay.o(.text) for delay_ms
    oled.o(.text) refers to oled.o(.constdata) for F8X16
    oled.o(.text) refers to oled.o(.data) for Hzk
    timer.o(.text) refers to stm32f10x_rcc.o(.text) for RCC_APB1PeriphClockCmd
    timer.o(.text) refers to stm32f10x_tim.o(.text) for TIM_TimeBaseInit
    timer.o(.text) refers to misc.o(.text) for NVIC_Init
    usart3.o(.text) refers to stm32f10x_rcc.o(.text) for RCC_APB2PeriphClockCmd
    usart3.o(.text) refers to stm32f10x_gpio.o(.text) for GPIO_Init
    usart3.o(.text) refers to misc.o(.text) for NVIC_Init
    usart3.o(.text) refers to stm32f10x_usart.o(.text) for USART_Init
    usart3.o(.text) refers to usart.o(.text) for Uart1_Put_Char
    usart3.o(.text) refers to usart3.o(.data) for TxCounter
    usart3.o(.text) refers to usart3.o(.bss) for TxBuffer
    edp.o(.text) refers to malloc.o(i.malloc) for malloc
    edp.o(.text) refers to memseta.o(.text) for __aeabi_memclr4
    edp.o(.text) refers to memcpya.o(.text) for __aeabi_memcpy
    edp.o(.text) refers to strlen.o(.text) for strlen
    edp.o(.text) refers to printf3.o(i.__0sprintf$3) for __2sprintf
    usart2.o(.text) refers to stm32f10x_rcc.o(.text) for RCC_APB2PeriphClockCmd
    usart2.o(.text) refers to stm32f10x_gpio.o(.text) for GPIO_Init
    usart2.o(.text) refers to misc.o(.text) for NVIC_Init
    usart2.o(.text) refers to stm32f10x_usart.o(.text) for USART_Init
    usart2.o(.text) refers to usart2.o(.data) for count
    usart2.o(.text) refers to usart2.o(.bss) for TxBuffer
    net.o(.text) refers to delay.o(.text) for delay_ms
    net.o(.text) refers to usart2.o(.text) for Uart2_Put_String
    net.o(.text) refers to malloc.o(i.free) for free
    net.o(.text) refers to edp.o(.text) for packetConnect
    net.o(.text) refers to printf3.o(i.__0sprintf$3) for __2sprintf
    net.o(.text) refers to ui.o(.text) for ChangeComand
    net.o(.text) refers to ui.o(.bss) for DeviceOnlineState
    net.o(.text) refers to net.o(.data) for temperature
    net.o(.text) refers to usart2.o(.data) for RxCompeleteFlag
    net.o(.text) refers to usart2.o(.bss) for SaveRxBuffer
    net.o(.text) refers to ui.o(.data) for SendCmdFlag
    net.o(.text) refers to strstr.o(.text) for strstr
    net.o(.text) refers to memseta.o(.text) for __aeabi_memclr
    net.o(.text) refers to stm32f10x_it.o(.data) for StartToUploadFlag
    eeprom.o(.text) refers to stm32f10x_flash.o(.text) for FLASH_ErasePage
    eeprom.o(.text) refers to eeprom.o(.data) for CurWrAddress
    eeprom.o(.text) refers to ui.o(.data) for VirtAddVarTab
    delay.o(.text) refers to misc.o(.text) for SysTick_CLKSourceConfig
    delay.o(.text) refers to system_stm32f10x.o(.data) for SystemCoreClock
[...]
    printf2.o(i.__0snprintf$2) refers to printf2.o(i._printf_core) for _printf_core
    printf2.o(i.__0snprintf$2) refers to printf2.o(i._snputc) for _snputc
    printf2.o(i.__0sprintf$2) refers to printf2.o(i._printf_core) for _printf_core
    printf2.o(i.__0sprintf$2) refers to printf2.o(i._sputc) for _sputc
    printf2.o(i.__0vfprintf$2) refers to printf2.o(i._printf_core) for _printf_core
    printf2.o(i.__0vfprintf$2) refers to usart.o(.text) for fputc
    printf2.o(i.__0vprintf$2) refers to printf2.o(i._printf_core) for _printf_core
    printf2.o(i.__0vprintf$2) refers to usart.o(.text) for fputc
    printf2.o(i.__0vprintf$2) refers to usart.o(.data) for __stdout
    printf2.o(i.__0vsnprintf$2) refers to printf2.o(i._printf_core) for _printf_core
    printf2.o(i.__0vsnprintf$2) refers to printf2.o(i._snputc) for _snputc
    printf2.o(i.__0vsprintf$2) refers to printf2.o(i._printf_core) for _printf_core
    printf2.o(i.__0vsprintf$2) refers to printf2.o(i._sputc) for _sputc
    printf3.o(i.__0fprintf$3) refers to printf3.o(i._printf_core) for _printf_core
    printf3.o(i.__0fprintf$3) refers to usart.o(.text) for fputc
    printf3.o(i.__0printf$3) refers to printf3.o(i._printf_core) for _printf_core
    printf3.o(i.__0printf$3) refers to usart.o(.text) for fputc
    printf3.o(i.__0printf$3) refers to usart.o(.data) for __stdout
    printf3.o(i.__0snprintf$3) refers to printf3.o(i._printf_core) for _printf_core
    printf3.o(i.__0snprintf$3) refers to printf3.o(i._snputc) for _snputc
    printf3.o(i.__0sprintf$3) refers to printf3.o(i._printf_core) for _printf_core
    printf3.o(i.__0sprintf$3) refers to printf3.o(i._sputc) for _sputc
    printf3.o(i.__0vfprintf$3) refers to printf3.o(i._printf_core) for _printf_core
    printf3.o(i.__0vfprintf$3) refers to usart.o(.text) for fputc
    printf3.o(i.__0vprintf$3) refers to printf3.o(i._printf_core) for _printf_core
    printf3.o(i.__0vprintf$3) refers to usart.o(.text) for fputc
    printf3.o(i.__0vprintf$3) refers to usart.o(.data) for __stdout
    printf3.o(i.__0vsnprintf$3) refers to printf3.o(i._printf_core) for _printf_core
    printf3.o(i.__0vsnprintf$3) refers to printf3.o(i._snputc) for _snputc
    printf3.o(i.__0vsprintf$3) refers to printf3.o(i._printf_core) for _printf_core
    printf3.o(i.__0vsprintf$3) refers to printf3.o(i._sputc) for _sputc
    printf3.o(i._printf_core) refers to uidiv.o(.text) for __aeabi_uidivmod
    printf4.o(i.__0fprintf$4) refers to printf4.o(i._printf_core) for _printf_core
    printf4.o(i.__0fprintf$4) refers to usart.o(.text) for fputc
    printf4.o(i.__0printf$4) refers to printf4.o(i._printf_core) for _printf_core
    printf4.o(i.__0printf$4) refers to usart.o(.text) for fputc
    printf4.o(i.__0printf$4) refers to usart.o(.data) for __stdout
    printf4.o(i.__0snprintf$4) refers to printf4.o(i._printf_core) for _printf_core
    printf4.o(i.__0snprintf$4) refers to printf4.o(i._snputc) for _snputc
    printf4.o(i.__0sprintf$4) refers to printf4.o(i._printf_core) for _printf_core
    printf4.o(i.__0sprintf$4) refers to printf4.o(i._sputc) for _sputc
    printf4.o(i.__0vfprintf$4) refers to printf4.o(i._printf_core) for _printf_core
    printf4.o(i.__0vfprintf$4) refers to usart.o(.text) for fputc
    printf4.o(i.__0vprintf$4) refers to printf4.o(i._printf_core) for _printf_core
    printf4.o(i.__0vprintf$4) refers to usart.o(.text) for fputc
    printf4.o(i.__0vprintf$4) refers to usart.o(.data) for __stdout
    printf4.o(i.__0vsnprintf$4) refers to printf4.o(i._printf_core) for _printf_core
    printf4.o(i.__0vsnprintf$4) refers to printf4.o(i._snputc) for _snputc
    printf4.o(i.__0vsprintf$4) refers to printf4.o(i._printf_core) for _printf_core
    printf4.o(i.__0vsprintf$4) refers to printf4.o(i._sputc) for _sputc
    printf4.o(i._printf_core) refers to uldiv.o(.text) for __aeabi_uldivmod
    printf5.o(i.__0fprintf$5) refers to printf5.o(i._printf_core) for _printf_core
    printf5.o(i.__0fprintf$5) refers to usart.o(.text) for fputc
    printf5.o(i.__0printf$5) refers to printf5.o(i._printf_core) for _printf_core
    printf5.o(i.__0printf$5) refers to usart.o(.text) for fputc
    printf5.o(i.__0printf$5) refers to usart.o(.data) for __stdout
    printf5.o(i.__0snprintf$5) refers to printf5.o(i._printf_core) for _printf_core
    printf5.o(i.__0snprintf$5) refers to printf5.o(i._snputc) for _snputc
    printf5.o(i.__0sprintf$5) refers to printf5.o(i._printf_core) for _printf_core
    printf5.o(i.__0sprintf$5) refers to printf5.o(i._sputc) for _sputc
    printf5.o(i.__0vfprintf$5) refers to printf5.o(i._printf_core) for _printf_core
    printf5.o(i.__0vfprintf$5) refers to usart.o(.text) for fputc
    printf5.o(i.__0vprintf$5) refers to printf5.o(i._printf_core) for _printf_core
    printf5.o(i.__0vprintf$5) refers to usart.o(.text) for fputc
    printf5.o(i.__0vprintf$5) refers to usart.o(.data) for __stdout
    printf5.o(i.__0vsnprintf$5) refers to printf5.o(i._printf_core) for _printf_core
    printf5.o(i.__0vsnprintf$5) refers to printf5.o(i._snputc) for _snputc
    printf5.o(i.__0vsprintf$5) refers to printf5.o(i._printf_core) for _printf_core
    printf5.o(i.__0vsprintf$5) refers to printf5.o(i._sputc) for _sputc
    printf5.o(i._printf_core) refers to uldiv.o(.text) for __aeabi_uldivmod
    printf6.o(i.__0fprintf$6) refers to printf6.o(i._printf_core) for _printf_core
    printf6.o(i.__0fprintf$6) refers to usart.o(.text) for fputc
    printf6.o(i.__0printf$6) refers to printf6.o(i._printf_core) for _printf_core
    printf6.o(i.__0printf$6) refers to usart.o(.text) for fputc
    printf6.o(i.__0printf$6) refers to usart.o(.data) for __stdout
    printf6.o(i.__0snprintf$6) refers to printf6.o(i._printf_core) for _printf_core
    printf6.o(i.__0snprintf$6) refers to printf6.o(i._snputc) for _snputc
    printf6.o(i.__0sprintf$6) refers to printf6.o(i._printf_core) for _printf_core
    printf6.o(i.__0sprintf$6) refers to printf6.o(i._sputc) for _sputc
    printf6.o(i.__0vfprintf$6) refers to printf6.o(i._printf_core) for _printf_core
    printf6.o(i.__0vfprintf$6) refers to usart.o(.text) for fputc
    printf6.o(i.__0vprintf$6) refers to printf6.o(i._printf_core) for _printf_core
    printf6.o(i.__0vprintf$6) refers to usart.o(.text) for fputc
    printf6.o(i.__0vprintf$6) refers to usart.o(.data) for __stdout
    printf6.o(i.__0vsnprintf$6) refers to printf6.o(i._printf_core) for _printf_core
    printf6.o(i.__0vsnprintf$6) refers to printf6.o(i._snputc) for _snputc
    printf6.o(i.__0vsprintf$6) refers to printf6.o(i._printf_core) for _printf_core
    printf6.o(i.__0vsprintf$6) refers to printf6.o(i._sputc) for _sputc
    printf6.o(i._printf_core) refers to printf6.o(i._printf_pre_padding) for _printf_pre_padding
    printf6.o(i._printf_core) refers to uidiv.o(.text) for __aeabi_uidivmod
    printf6.o(i._printf_core) refers to printf6.o(i._printf_post_padding) for _printf_post_padding
    printf7.o(i.__0fprintf$7) refers to printf7.o(i._printf_core) for _printf_core
    printf7.o(i.__0fprintf$7) refers to usart.o(.text) for fputc
    printf7.o(i.__0printf$7) refers to printf7.o(i._printf_core) for _printf_core
    printf7.o(i.__0printf$7) refers to usart.o(.text) for fputc
    printf7.o(i.__0printf$7) refers to usart.o(.data) for __stdout
    printf7.o(i.__0snprintf$7) refers to printf7.o(i._printf_core) for _printf_core
    printf7.o(i.__0snprintf$7) refers to printf7.o(i._snputc) for _snputc
    printf7.o(i.__0sprintf$7) refers to printf7.o(i._printf_core) for _printf_core
    printf7.o(i.__0sprintf$7) refers to printf7.o(i._sputc) for _sputc
    printf7.o(i.__0vfprintf$7) refers to printf7.o(i._printf_core) for _printf_core
    printf7.o(i.__0vfprintf$7) refers to usart.o(.text) for fputc
    printf7.o(i.__0vprintf$7) refers to printf7.o(i._printf_core) for _printf_core
    printf7.o(i.__0vprintf$7) refers to usart.o(.text) for fputc
    printf7.o(i.__0vprintf$7) refers to usart.o(.data) for __stdout
    printf7.o(i.__0vsnprintf$7) refers to printf7.o(i._printf_core) for _printf_core
    printf7.o(i.__0vsnprintf$7) refers to printf7.o(i._snputc) for _snputc
    printf7.o(i.__0vsprintf$7) refers to printf7.o(i._printf_core) for _printf_core
    printf7.o(i.__0vsprintf$7) refers to printf7.o(i._sputc) for _sputc
    printf7.o(i._printf_core) refers to printf7.o(i._printf_pre_padding) for _printf_pre_padding
    printf7.o(i._printf_core) refers to uldiv.o(.text) for __aeabi_uldivmod
    printf7.o(i._printf_core) refers to printf7.o(i._printf_post_padding) for _printf_post_padding
    printf8.o(i.__0fprintf$8) refers to printf8.o(i._printf_core) for _printf_core
    printf8.o(i.__0fprintf$8) refers to usart.o(.text) for fputc
    printf8.o(i.__0printf$8) refers to printf8.o(i._printf_core) for _printf_core
    printf8.o(i.__0printf$8) refers to usart.o(.text) for fputc
    printf8.o(i.__0printf$8) refers to usart.o(.data) for __stdout
    printf8.o(i.__0snprintf$8) refers to printf8.o(i._printf_core) for _printf_core
    printf8.o(i.__0snprintf$8) refers to printf8.o(i._snputc) for _snputc
    printf8.o(i.__0sprintf$8) refers to printf8.o(i._printf_core) for _printf_core
    printf8.o(i.__0sprintf$8) refers to printf8.o(i._sputc) for _sputc
    printf8.o(i.__0vfprintf$8) refers to printf8.o(i._printf_core) for _printf_core
    printf8.o(i.__0vfprintf$8) refers to usart.o(.text) for fputc
    printf8.o(i.__0vprintf$8) refers to printf8.o(i._printf_core) for _printf_core
    printf8.o(i.__0vprintf$8) refers to usart.o(.text) for fputc
    printf8.o(i.__0vprintf$8) refers to usart.o(.data) for __stdout
    printf8.o(i.__0vsnprintf$8) refers to printf8.o(i._printf_core) for _printf_core
    printf8.o(i.__0vsnprintf$8) refers to printf8.o(i._snputc) for _snputc
    printf8.o(i.__0vsprintf$8) refers to printf8.o(i._printf_core) for _printf_core
    printf8.o(i.__0vsprintf$8) refers to printf8.o(i._sputc) for _sputc
    printf8.o(i._printf_core) refers to printf8.o(i._printf_pre_padding) for _printf_pre_padding
    printf8.o(i._printf_core) refers to uldiv.o(.text) for __aeabi_uldivmod
    printf8.o(i._printf_core) refers to printf8.o(i._printf_post_padding) for _printf_post_padding
    printfa.o(i.__0fprintf) refers (Special) to iusefp.o(.text) for __I$use$fp
    printfa.o(i.__0fprintf) refers to printfa.o(i._printf_core) for _printf_core
    printfa.o(i.__0fprintf) refers to usart.o(.text) for fputc
    printfa.o(i.__0printf) refers (Special) to iusefp.o(.text) for __I$use$fp
    printfa.o(i.__0printf) refers to printfa.o(i._printf_core) for _printf_core
    printfa.o(i.__0printf) refers to usart.o(.text) for fputc
    printfa.o(i.__0printf) refers to usart.o(.data) for __stdout
    printfa.o(i.__0snprintf) refers (Special) to iusefp.o(.text) for __I$use$fp
    printfa.o(i.__0snprintf) refers to printfa.o(i._printf_core) for _printf_core
    printfa.o(i.__0snprintf) refers to printfa.o(i._snputc) for _snputc
    printfa.o(i.__0sprintf) refers (Special) to iusefp.o(.text) for __I$use$fp
    printfa.o(i.__0sprintf) refers to printfa.o(i._printf_core) for _printf_core
    printfa.o(i.__0sprintf) refers to printfa.o(i._sputc) for _sputc
    printfa.o(i.__0vfprintf) refers (Special) to iusefp.o(.text) for __I$use$fp
    printfa.o(i.__0vfprintf) refers to printfa.o(i._printf_core) for _printf_core
    printfa.o(i.__0vfprintf) refers to usart.o(.text) for fputc
    printfa.o(i.__0vprintf) refers (Special) to iusefp.o(.text) for __I$use$fp
    printfa.o(i.__0vprintf) refers to printfa.o(i._printf_core) for _printf_core
    printfa.o(i.__0vprintf) refers to usart.o(.text) for fputc
    printfa.o(i.__0vprintf) refers to usart.o(.data) for __stdout
    printfa.o(i.__0vsnprintf) refers (Special) to iusefp.o(.text) for __I$use$fp
    printfa.o(i.__0vsnprintf) refers to printfa.o(i._printf_core) for _printf_core
    printfa.o(i.__0vsnprintf) refers to printfa.o(i._snputc) for _snputc
    printfa.o(i.__0vsprintf) refers (Special) to iusefp.o(.text) for __I$use$fp
    printfa.o(i.__0vsprintf) refers to printfa.o(i._printf_core) for _printf_core
    printfa.o(i.__0vsprintf) refers to printfa.o(i._sputc) for _sputc
    printfa.o(i._fp_digits) refers (Special) to iusefp.o(.text) for __I$use$fp
    printfa.o(i._fp_digits) refers to dmul.o(.text) for __aeabi_dmul
    printfa.o(i._fp_digits) refers to ddiv.o(.text) for __aeabi_ddiv
    printfa.o(i._fp_digits) refers to cdrcmple.o(.text) for __aeabi_cdrcmple
    printfa.o(i._fp_digits) refers to dadd.o(.text) for __aeabi_dadd
    printfa.o(i._fp_digits) refers to dfixul.o(.text) for __aeabi_d2ulz
    printfa.o(i._fp_digits) refers to uldiv.o(.text) for __aeabi_uldivmod
    printfa.o(i._printf_core) refers (Special) to iusefp.o(.text) for __I$use$fp
    printfa.o(i._printf_core) refers to printfa.o(i._printf_pre_padding) for _printf_pre_padding
    printfa.o(i._printf_core) refers to uldiv.o(.text) for __aeabi_uldivmod
    printfa.o(i._printf_core) refers to printfa.o(i._printf_post_padding) for _printf_post_padding
    printfa.o(i._printf_core) refers to printfa.o(i._fp_digits) for _fp_digits
    printfa.o(i._printf_core) refers to uidiv.o(.text) for __aeabi_uidivmod
    printfa.o(i._printf_post_padding) refers (Special) to iusefp.o(.text) for __I$use$fp
    printfa.o(i._printf_pre_padding) refers (Special) to iusefp.o(.text) for __I$use$fp
    printfa.o(i._snputc) refers (Special) to iusefp.o(.text) for __I$use$fp
    printfa.o(i._sputc) refers (Special) to iusefp.o(.text) for __I$use$fp
    malloc.o(i.free) refers to mvars.o(.data) for __microlib_freelist
    malloc.o(i.malloc) refers to mvars.o(.data) for __microlib_freelist_initialised
    malloc.o(i.malloc) refers to mvars.o(.data) for __microlib_freelist
    malloc.o(i.malloc) refers to startup_stm32f10x_md.o(HEAP) for __heap_base
    mallocr.o(i.__free$realloc) refers to mvars.o(.data) for __microlib_freelist
    mallocr.o(i.__malloc$realloc) refers to mallocr.o(i.internal_alloc) for internal_alloc
    mallocr.o(i.__malloc$realloc) refers to mvars.o(.data) for __microlib_freelist_initialised
    mallocr.o(i.__malloc$realloc) refers to startup_stm32f10x_md.o(HEAP) for __heap_base
    mallocr.o(i.__malloc$realloc) refers to mvars.o(.data) for __microlib_freelist
    mallocr.o(i.internal_alloc) refers to memcpya.o(.text) for __aeabi_memcpy
    mallocr.o(i.internal_alloc) refers to mvars.o(.data) for __microlib_freelist
    mallocr.o(i.realloc) refers to mallocr.o(i.__free$realloc) for __free$realloc
    mallocr.o(i.realloc) refers to mallocr.o(i.internal_alloc) for internal_alloc
    mallocr.o(i.realloc) refers to mallocr.o(i.__malloc$realloc) for __malloc$realloc
    mallocr.o(i.realloc) refers to mvars.o(.data) for __microlib_freelist
    malloca.o(i.__aligned_malloc) refers to mvars.o(.data) for __microlib_freelist_initialised
    malloca.o(i.__aligned_malloc) refers to mvars.o(.data) for __microlib_freelist
    malloca.o(i.__aligned_malloc) refers to startup_stm32f10x_md.o(HEAP) for __heap_base
    malloca.o(i.__free$memalign) refers to mvars.o(.data) for __microlib_freelist
    malloca.o(i.__malloc$memalign) refers to malloca.o(i.__aligned_malloc) for __aligned_malloc
    mallocra.o(i.__aligned_malloc$realloc) refers to mallocra.o(i.internal_alloc) for internal_alloc
    mallocra.o(i.__aligned_malloc$realloc) refers to mvars.o(.data) for __microlib_freelist_initialised
    mallocra.o(i.__aligned_malloc$realloc) refers to startup_stm32f10x_md.o(HEAP) for __heap_base
    mallocra.o(i.__aligned_malloc$realloc) refers to mvars.o(.data) for __microlib_freelist
    mallocra.o(i.__free$realloc$memalign) refers to mvars.o(.data) for __microlib_freelist
    mallocra.o(i.__malloc$realloc$memalign) refers to mallocra.o(i.__aligned_malloc$realloc) for __aligned_malloc$realloc
    mallocra.o(i.__realloc$memalign) refers to mallocra.o(i.__free$realloc$memalign) for __free$realloc$memalign
    mallocra.o(i.__realloc$memalign) refers to mallocra.o(i.internal_alloc) for internal_alloc
    mallocra.o(i.__realloc$memalign) refers to mallocra.o(i.__malloc$realloc$memalign) for __malloc$realloc$memalign
    mallocra.o(i.__realloc$memalign) refers to mvars.o(.data) for __microlib_freelist
    mallocra.o(i.internal_alloc) refers to memcpya.o(.text) for __aeabi_memcpy
    mallocra.o(i.internal_alloc) refers to mvars.o(.data) for __microlib_freelist
    entry2.o(.ARM.Collect$$$$00000001) refers to entry2.o(.ARM.Collect$$$$00002712) for __lit__00000000
    entry2.o(.ARM.Collect$$$$00002712) refers to startup_stm32f10x_md.o(STACK) for __initial_sp
    entry2.o(__vectab_stack_and_reset_area) refers to startup_stm32f10x_md.o(STACK) for __initial_sp
    entry2.o(__vectab_stack_and_reset_area) refers to entry.o(.ARM.Collect$$$$00000000) for __main
    entry5.o(.ARM.Collect$$$$00000004) refers to init.o(.text) for __scatterload
    entry9a.o(.ARM.Collect$$$$0000000B) refers to main.o(.text) for main
    entry9b.o(.ARM.Collect$$$$0000000C) refers to main.o(.text) for main
    uldiv.o(.text) refers to llushr.o(.text) for __aeabi_llsr
    uldiv.o(.text) refers to llshl.o(.text) for __aeabi_llsl
    dadd.o(.text) refers to llshl.o(.text) for __aeabi_llsl
    dadd.o(.text) refers to llsshr.o(.text) for __aeabi_lasr
    dadd.o(.text) refers to depilogue.o(.text) for _double_epilogue
    dmul.o(.text) refers to depilogue.o(.text) for _double_epilogue
    ddiv.o(.text) refers to depilogue.o(.text) for _double_round
    dfixul.o(.text) refers to llushr.o(.text) for __aeabi_llsr
    dfixul.o(.text) refers to llshl.o(.text) for __aeabi_llsl
    init.o(.text) refers to entry5.o(.ARM.Collect$$$$00000004) for __main_after_scatterload
    depilogue.o(.text) refers to llshl.o(.text) for __aeabi_llsl
    depilogue.o(.text) refers to llushr.o(.text) for __aeabi_llsr


==============================================================================

Removing Unused input sections from the image.

    Removing system_stm32f10x.o(.text), (480 bytes).
    Removing usart3.o(.text), (468 bytes).
    Removing usart3.o(.bss), (256 bytes).
    Removing usart3.o(.data), (2 bytes).
    Removing sys.o(.emb_text), (6 bytes).
    Removing sys.o(.text), (12 bytes).
    Removing core_cm3.o(.emb_text), (32 bytes).
    Removing dadd.o(.text), (334 bytes).
    Removing dmul.o(.text), (228 bytes).
    Removing ddiv.o(.text), (222 bytes).
    Removing dfixul.o(.text), (48 bytes).
    Removing cdrcmple.o(.text), (48 bytes).
    Removing depilogue.o(.text), (186 bytes).

13 unused section(s) (total 2322 bytes) removed from the image.

==============================================================================

Image Symbol Table

    Local Symbols

    Symbol Name                              Value     Ov Type        Size  Object(Section)

    ../clib/../cmprslib/lz77c.c              0x00000000   Number         0  __dclz77c.o ABSOLUTE
    ../clib/microlib/division.c              0x00000000   Number         0  uidiv.o ABSOLUTE
    ../clib/microlib/division.c              0x00000000   Number         0  uldiv.o ABSOLUTE
    ../clib/microlib/init/entry.s            0x00000000   Number         0  entry7a.o ABSOLUTE
    ../clib/microlib/init/entry.s            0x00000000   Number         0  entry11b.o ABSOLUTE
    ../clib/microlib/init/entry.s            0x00000000   Number         0  entry11a.o ABSOLUTE
    ../clib/microlib/init/entry.s            0x00000000   Number         0  entry10b.o ABSOLUTE
    ../clib/microlib/init/entry.s            0x00000000   Number         0  entry10a.o ABSOLUTE
    ../clib/microlib/init/entry.s            0x00000000   Number         0  entry9a.o ABSOLUTE
    ../clib/microlib/init/entry.s            0x00000000   Number         0  entry9b.o ABSOLUTE
    ../clib/microlib/init/entry.s            0x00000000   Number         0  entry5.o ABSOLUTE
    ../clib/microlib/init/entry.s            0x00000000   Number         0  entry8b.o ABSOLUTE
    ../clib/microlib/init/entry.s            0x00000000   Number         0  entry2.o ABSOLUTE
    ../clib/microlib/init/entry.s            0x00000000   Number         0  entry8a.o ABSOLUTE
    ../clib/microlib/init/entry.s            0x00000000   Number         0  entry.o ABSOLUTE
    ../clib/microlib/init/entry.s            0x00000000   Number         0  entry7b.o ABSOLUTE
    ../clib/microlib/longlong.c              0x00000000   Number         0  llushr.o ABSOLUTE
    ../clib/microlib/longlong.c              0x00000000   Number         0  llsshr.o ABSOLUTE
    ../clib/microlib/longlong.c              0x00000000   Number         0  llshl.o ABSOLUTE
    ../clib/microlib/malloc/malloc.c         0x00000000   Number         0  malloc.o ABSOLUTE
    ../clib/microlib/malloc/malloc.c         0x00000000   Number         0  mallocr.o ABSOLUTE
    ../clib/microlib/malloc/malloc.c         0x00000000   Number         0  malloca.o ABSOLUTE
    ../clib/microlib/malloc/malloc.c         0x00000000   Number         0  mallocra.o ABSOLUTE
    ../clib/microlib/malloc/mvars.c          0x00000000   Number         0  mvars.o ABSOLUTE
    ../clib/microlib/printf/printf.c         0x00000000   Number         0  printf7.o ABSOLUTE
    ../clib/microlib/printf/printf.c         0x00000000   Number         0  printf3.o ABSOLUTE
    ../clib/microlib/printf/printf.c         0x00000000   Number         0  printf8.o ABSOLUTE
    ../clib/microlib/printf/printf.c         0x00000000   Number         0  printf2.o ABSOLUTE
    ../clib/microlib/printf/printf.c         0x00000000   Number         0  printfa.o ABSOLUTE
    ../clib/microlib/printf/printf.c         0x00000000   Number         0  printf0.o ABSOLUTE
    ../clib/microlib/printf/printf.c         0x00000000   Number         0  printfb.o ABSOLUTE
    ../clib/microlib/printf/printf.c         0x00000000   Number         0  printf6.o ABSOLUTE
    ../clib/microlib/printf/printf.c         0x00000000   Number         0  printf5.o ABSOLUTE
    ../clib/microlib/printf/printf.c         0x00000000   Number         0  printf4.o ABSOLUTE
    ../clib/microlib/printf/printf.c         0x00000000   Number         0  printf1.o ABSOLUTE
    ../clib/microlib/printf/stubs.s          0x00000000   Number         0  stubs.o ABSOLUTE
    ../clib/microlib/string/memcpy.c         0x00000000   Number         0  memcpya.o ABSOLUTE
    ../clib/microlib/string/memcpy.c         0x00000000   Number         0  memcpyb.o ABSOLUTE
    ../clib/microlib/string/memset.c         0x00000000   Number         0  memseta.o ABSOLUTE
    ../clib/microlib/string/strcat.c         0x00000000   Number         0  strcat.o ABSOLUTE
    ../clib/microlib/string/strlen.c         0x00000000   Number         0  strlen.o ABSOLUTE
    ../clib/microlib/string/strstr.c         0x00000000   Number         0  strstr.o ABSOLUTE
    ../clib/microlib/stubs.s                 0x00000000   Number         0  iusefp.o ABSOLUTE
    ../clib/microlib/stubs.s                 0x00000000   Number         0  useno.o ABSOLUTE
    ../fplib/microlib/fpadd.c                0x00000000   Number         0  dadd.o ABSOLUTE
    ../fplib/microlib/fpdiv.c                0x00000000   Number         0  ddiv.o ABSOLUTE
    ../fplib/microlib/fpepilogue.c           0x00000000   Number         0  depilogue.o ABSOLUTE
    ../fplib/microlib/fpfix.c                0x00000000   Number         0  dfixul.o ABSOLUTE
    ../fplib/microlib/fpmul.c                0x00000000   Number         0  dmul.o ABSOLUTE
    ..\CORE\core_cm3.c                       0x00000000   Number         0  core_cm3.o ABSOLUTE
    ..\CORE\startup_stm32f10x_md.s           0x00000000   Number         0  startup_stm32f10x_md.o ABSOLUTE
    ..\HARDWARE\EDP\edp.c                    0x00000000   Number         0  edp.o ABSOLUTE
    ..\HARDWARE\FLASH\eeprom.c               0x00000000   Number         0  eeprom.o ABSOLUTE
    ..\HARDWARE\KEY\key.c                    0x00000000   Number         0  key.o ABSOLUTE
    ..\HARDWARE\LED\led.c                    0x00000000   Number         0  led.o ABSOLUTE
    ..\HARDWARE\NET\net.c                    0x00000000   Number         0  net.o ABSOLUTE
    ..\HARDWARE\OLED\oled.c                  0x00000000   Number         0  oled.o ABSOLUTE
    ..\HARDWARE\TIMER\timer.c                0x00000000   Number         0  timer.o ABSOLUTE
    ..\HARDWARE\USART2\Usart2.c              0x00000000   Number         0  usart2.o ABSOLUTE
    ..\HARDWARE\USART3\Usart3.c              0x00000000   Number         0  usart3.o ABSOLUTE
    ..\STM32F10x_FWLib\src\misc.c            0x00000000   Number         0  misc.o ABSOLUTE
    ..\STM32F10x_FWLib\src\stm32f10x_flash.c 0x00000000   Number         0  stm32f10x_flash.o ABSOLUTE
    ..\STM32F10x_FWLib\src\stm32f10x_gpio.c  0x00000000   Number         0  stm32f10x_gpio.o ABSOLUTE
    ..\STM32F10x_FWLib\src\stm32f10x_rcc.c   0x00000000   Number         0  stm32f10x_rcc.o ABSOLUTE
    ..\STM32F10x_FWLib\src\stm32f10x_tim.c   0x00000000   Number         0  stm32f10x_tim.o ABSOLUTE
    ..\STM32F10x_FWLib\src\stm32f10x_usart.c 0x00000000   Number         0  stm32f10x_usart.o ABSOLUTE
    ..\SYSTEM\delay\delay.c                  0x00000000   Number         0  delay.o ABSOLUTE
    ..\SYSTEM\sys\sys.c                      0x00000000   Number         0  sys.o ABSOLUTE
    ..\SYSTEM\usart\usart.c                  0x00000000   Number         0  usart.o ABSOLUTE
    ..\\CORE\\core_cm3.c                     0x00000000   Number         0  core_cm3.o ABSOLUTE
    ..\\SYSTEM\\sys\\sys.c                   0x00000000   Number         0  sys.o ABSOLUTE
    cdrcmple.s                               0x00000000   Number         0  cdrcmple.o ABSOLUTE
    dc.s                                     0x00000000   Number         0  dc.o ABSOLUTE
    handlers.s                               0x00000000   Number         0  handlers.o ABSOLUTE
    init.s                                   0x00000000   Number         0  init.o ABSOLUTE
    main.c                                   0x00000000   Number         0  main.o ABSOLUTE
    stm32f10x_it.c                           0x00000000   Number         0  stm32f10x_it.o ABSOLUTE
    system_stm32f10x.c                       0x00000000   Number         0  system_stm32f10x.o ABSOLUTE
    ui.c                                     0x00000000   Number         0  ui.o ABSOLUTE
    RESET                                    0x08000000   Section      236  startup_stm32f10x_md.o(RESET)
    .ARM.Collect$$$$00000000                 0x080000ec   Section        0  entry.o(.ARM.Collect$$$$00000000)
    .ARM.Collect$$$$00000001                 0x080000ec   Section        4  entry2.o(.ARM.Collect$$$$00000001)
    .ARM.Collect$$$$00000004                 0x080000f0   Section        4  entry5.o(.ARM.Collect$$$$00000004)
    .ARM.Collect$$$$00000008                 0x080000f4   Section        0  entry7b.o(.ARM.Collect$$$$00000008)
    .ARM.Collect$$$$0000000A                 0x080000f4   Section        0  entry8b.o(.ARM.Collect$$$$0000000A)
    .ARM.Collect$$$$0000000B                 0x080000f4   Section        8  entry9a.o(.ARM.Collect$$$$0000000B)
    .ARM.Collect$$$$0000000D                 0x080000fc   Section        0  entry10a.o(.ARM.Collect$$$$0000000D)
    .ARM.Collect$$$$0000000F                 0x080000fc   Section        0  entry11a.o(.ARM.Collect$$$$0000000F)
    .ARM.Collect$$$$00002712                 0x080000fc   Section        4  entry2.o(.ARM.Collect$$$$00002712)
    __lit__00000000                          0x080000fc   Data           4  entry2.o(.ARM.Collect$$$$00002712)
    .text                                    0x08000100   Section        0  main.o(.text)
    .text                                    0x08000180   Section        0  stm32f10x_it.o(.text)
    .text                                    0x08000280   Section        0  ui.o(.text)
    .text                                    0x08000fbc   Section        0  led.o(.text)
    .text                                    0x08001008   Section        0  key.o(.text)
    .text                                    0x080010fc   Section        0  oled.o(.text)
    .text                                    0x08001594   Section        0  timer.o(.text)
    .text                                    0x080015f0   Section        0  edp.o(.text)
    .text                                    0x0800195c   Section        0  usart2.o(.text)
    .text                                    0x08001b78   Section        0  net.o(.text)
    .text                                    0x08002448   Section        0  eeprom.o(.text)
    EE_FindValidPage                         0x08002449   Thumb Code    80  eeprom.o(.text)
    EE_Format                                0x080024f5   Thumb Code    50  eeprom.o(.text)
    EE_VerifyPageFullWriteVariable           0x08002527   Thumb Code   124  eeprom.o(.text)
    EE_PageTransfer                          0x080027f3   Thumb Code   250  eeprom.o(.text)
    .text                                    0x08002920   Section        0  delay.o(.text)
    .text                                    0x080029f4   Section        0  usart.o(.text)
    .text                                    0x08002fc0   Section       28  startup_stm32f10x_md.o(.text)
    .text                                    0x08002fdc   Section        0  misc.o(.text)
    .text                                    0x080030b8   Section        0  stm32f10x_gpio.o(.text)
    .text                                    0x08003414   Section        0  stm32f10x_rcc.o(.text)
    .text                                    0x080037b8   Section        0  stm32f10x_usart.o(.text)
    .text                                    0x08003bc0   Section        0  stm32f10x_tim.o(.text)
    TI4_Config                               0x08004067   Thumb Code   130  stm32f10x_tim.o(.text)
    TI3_Config                               0x080040fb   Thumb Code   122  stm32f10x_tim.o(.text)
    TI2_Config                               0x0800418f   Thumb Code   130  stm32f10x_tim.o(.text)
    TI1_Config                               0x08004223   Thumb Code   108  stm32f10x_tim.o(.text)
    .text                                    0x080049dc   Section        0  stm32f10x_flash.o(.text)
    .text                                    0x08004f98   Section        0  memcpya.o(.text)
    .text                                    0x08004fbc   Section        0  memseta.o(.text)
    .text                                    0x08004fe0   Section        0  strcat.o(.text)
    .text                                    0x08004ff8   Section        0  strstr.o(.text)
    .text                                    0x0800501c   Section        0  strlen.o(.text)
    .text                                    0x0800502a   Section        0  uidiv.o(.text)
    .text                                    0x08005058   Section       36  init.o(.text)
    .text                                    0x0800507c   Section        0  __dclz77c.o(.text)
    i.__0sprintf$3                           0x080050dc   Section        0  printf3.o(i.__0sprintf$3)
    i.__scatterload_copy                     0x08005104   Section       14  handlers.o(i.__scatterload_copy)
    i.__scatterload_null                     0x08005112   Section        2  handlers.o(i.__scatterload_null)
    i.__scatterload_zeroinit                 0x08005114   Section       14  handlers.o(i.__scatterload_zeroinit)
    i._printf_core                           0x08005124   Section        0  printf3.o(i._printf_core)
    _printf_core                             0x08005125   Thumb Code   436  printf3.o(i._printf_core)
    i._sputc                                 0x080052dc   Section        0  printf3.o(i._sputc)
    _sputc                                   0x080052dd   Thumb Code    10  printf3.o(i._sputc)
    i.free                                   0x080052e8   Section        0  malloc.o(i.free)
    i.malloc                                 0x08005338   Section        0  malloc.o(i.malloc)
    .constdata                               0x080053a4   Section     2072  oled.o(.constdata)
    .data                                    0x20000000   Section        6  stm32f10x_it.o(.data)
    couter                                   0x20000004   Data           1  stm32f10x_it.o(.data)
    flag                                     0x20000005   Data           1  stm32f10x_it.o(.data)
    .data                                    0x20000008   Section       20  system_stm32f10x.o(.data)
    .data                                    0x2000001c   Section      156  ui.o(.data)
    BalconyControlBuf                        0x2000002c   Data           8  ui.o(.data)
    TagCouter                                0x200000a8   Data           4  ui.o(.data)
    EnterCouter                              0x200000ac   Data           4  ui.o(.data)
    OperatationCouter                        0x200000b0   Data           4  ui.o(.data)
    ValueChangeFlag                          0x200000b4   Data           4  ui.o(.data)
    .data                                    0x200000b8   Section     3776  oled.o(.data)
    .data                                    0x20000f78   Section       10  usart2.o(.data)
    TxCounter                                0x20000f80   Data           1  usart2.o(.data)
    count                                    0x20000f81   Data           1  usart2.o(.data)
    .data                                    0x20000f82   Section      165  net.o(.data)
    .data                                    0x20001028   Section        8  eeprom.o(.data)
    .data                                    0x20001030   Section        4  delay.o(.data)
    fac_us                                   0x20001030   Data           1  delay.o(.data)
    fac_ms                                   0x20001032   Data           2  delay.o(.data)
    .data                                    0x20001034   Section       35  usart.o(.data)
    TxCounter                                0x2000104d   Data           1  usart.o(.data)
    count                                    0x2000104e   Data           1  usart.o(.data)
    OnlineStateUpdateCouter                  0x20001050   Data           4  usart.o(.data)
    _data_len                                0x20001054   Data           1  usart.o(.data)
    _data_cnt                                0x20001055   Data           1  usart.o(.data)
    state                                    0x20001056   Data           1  usart.o(.data)
    .data                                    0x20001057   Section       20  stm32f10x_rcc.o(.data)
    APBAHBPrescTable                         0x20001057   Data          16  stm32f10x_rcc.o(.data)
    ADCPrescTable                            0x20001067   Data           4  stm32f10x_rcc.o(.data)
    .data                                    0x2000106c   Section        4  mvars.o(.data)
    .data                                    0x20001070   Section        4  mvars.o(.data)
    .bss                                     0x20001074   Section      316  ui.o(.bss)
    BedroomControlBuf                        0x200011a4   Data          12  ui.o(.bss)
    .bss                                     0x200011b0   Section      906  usart2.o(.bss)
    data_to_send                             0x200011b0   Data          50  usart2.o(.bss)
    TxBuffer                                 0x2000143a   Data         256  usart2.o(.bss)
    .bss                                     0x2000153a   Section      366  usart.o(.bss)
    data_to_send                             0x2000153a   Data          50  usart.o(.bss)
    TxBuffer                                 0x20001576   Data         256  usart.o(.bss)
    RxBuffer                                 0x20001676   Data          50  usart.o(.bss)
    HEAP                                     0x200016a8   Section      512  startup_stm32f10x_md.o(HEAP)
    STACK                                    0x200018a8   Section     1024  startup_stm32f10x_md.o(STACK)

    Global Symbols

    Symbol Name                              Value     Ov Type        Size  Object(Section)

    BuildAttributes$$THM_ISAv4$P$D$K$B$S$PE$A:L22UL41UL21$X:L11$S22US41US21$IEEE1$IW$USESV6$~STKCKD$USESV7$~SHL$OSPACE$ROPI$EBA8$MICROLIB$REQ8$PRES8$EABIv2 0x00000000   Number         0  anon$$obj.o ABSOLUTE
    __ARM_use_no_argv                        0x00000000   Number         0  main.o ABSOLUTE
    __use_no_errno                           0x00000000   Number         0  useno.o ABSOLUTE
    __use_no_exception_handling              0x00000000   Number         0  useno.o ABSOLUTE
    __use_no_fp                              0x00000000   Number         0  useno.o ABSOLUTE
    __use_no_heap                            0x00000000   Number         0  useno.o ABSOLUTE
    __use_no_heap_region                     0x00000000   Number         0  useno.o ABSOLUTE
    __use_no_semihosting                     0x00000000   Number         0  useno.o ABSOLUTE
    __use_no_semihosting_swi                 0x00000000   Number         0  useno.o ABSOLUTE
    __use_no_signal_handling                 0x00000000   Number         0  useno.o ABSOLUTE
    _printf_a                                0x00000000   Number         0  stubs.o ABSOLUTE
    _printf_c                                0x00000000   Number         0  stubs.o ABSOLUTE
    _printf_charcount                        0x00000000   Number         0  stubs.o ABSOLUTE
    _printf_d                                0x00000000   Number         0  stubs.o ABSOLUTE
    _printf_e                                0x00000000   Number         0  stubs.o ABSOLUTE
    _printf_f                                0x00000000   Number         0  stubs.o ABSOLUTE
    _printf_flags                            0x00000000   Number         0  stubs.o ABSOLUTE
    _printf_fp_dec                           0x00000000   Number         0  stubs.o ABSOLUTE
    _printf_fp_hex                           0x00000000   Number         0  stubs.o ABSOLUTE
    _printf_g                                0x00000000   Number         0  stubs.o ABSOLUTE
    _printf_i                                0x00000000   Number         0  stubs.o ABSOLUTE
    _printf_int_dec                          0x00000000   Number         0  stubs.o ABSOLUTE
    _printf_l                                0x00000000   Number         0  stubs.o ABSOLUTE
    _printf_lc                               0x00000000   Number         0  stubs.o ABSOLUTE
    _printf_ll                               0x00000000   Number         0  stubs.o ABSOLUTE
    _printf_lld                              0x00000000   Number         0  stubs.o ABSOLUTE
    _printf_lli                              0x00000000   Number         0  stubs.o ABSOLUTE
    _printf_llo                              0x00000000   Number         0  stubs.o ABSOLUTE
    _printf_llu                              0x00000000   Number         0  stubs.o ABSOLUTE
    _printf_llx                              0x00000000   Number         0  stubs.o ABSOLUTE
    _printf_longlong_dec                     0x00000000   Number         0  stubs.o ABSOLUTE
    _printf_longlong_hex                     0x00000000   Number         0  stubs.o ABSOLUTE
    _printf_longlong_oct                     0x00000000   Number         0  stubs.o ABSOLUTE
    _printf_ls                               0x00000000   Number         0  stubs.o ABSOLUTE
    _printf_mbtowc                           0x00000000   Number         0  stubs.o ABSOLUTE
    _printf_n                                0x00000000   Number         0  stubs.o ABSOLUTE
    _printf_o                                0x00000000   Number         0  stubs.o ABSOLUTE
    _printf_p                                0x00000000   Number         0  stubs.o ABSOLUTE
    _printf_percent                          0x00000000   Number         0  stubs.o ABSOLUTE
    _printf_pre_padding                      0x00000000   Number         0  stubs.o ABSOLUTE
    _printf_return_value                     0x00000000   Number         0  stubs.o ABSOLUTE
    _printf_s                                0x00000000   Number         0  stubs.o ABSOLUTE
    _printf_sizespec                         0x00000000   Number         0  stubs.o ABSOLUTE
    _printf_str                              0x00000000   Number         0  stubs.o ABSOLUTE
    _printf_truncate_signed                  0x00000000   Number         0  stubs.o ABSOLUTE
    _printf_truncate_unsigned                0x00000000   Number         0  stubs.o ABSOLUTE
    _printf_u                                0x00000000   Number         0  stubs.o ABSOLUTE
    _printf_wc                               0x00000000   Number         0  stubs.o ABSOLUTE
    _printf_wctomb                           0x00000000   Number         0  stubs.o ABSOLUTE
    _printf_widthprec                        0x00000000   Number         0  stubs.o ABSOLUTE
    _printf_x                                0x00000000   Number         0  stubs.o ABSOLUTE
    __cpp_initialize__aeabi_                  - Undefined Weak Reference
    __cxa_finalize                            - Undefined Weak Reference
    _clock_init                               - Undefined Weak Reference
    _microlib_exit                            - Undefined Weak Reference
    __Vectors_Size                           0x000000ec   Number         0  startup_stm32f10x_md.o ABSOLUTE
    __Vectors                                0x08000000   Data           4  startup_stm32f10x_md.o(RESET)
    __Vectors_End                            0x080000ec   Data           0  startup_stm32f10x_md.o(RESET)
    __main                                   0x080000ed   Thumb Code     0  entry.o(.ARM.Collect$$$$00000000)
    _main_stk                                0x080000ed   Thumb Code     0  entry2.o(.ARM.Collect$$$$00000001)
    _main_scatterload                        0x080000f1   Thumb Code     0  entry5.o(.ARM.Collect$$$$00000004)
    __main_after_scatterload                 0x080000f5   Thumb Code     0  entry5.o(.ARM.Collect$$$$00000004)
    _main_clock                              0x080000f5   Thumb Code     0  entry7b.o(.ARM.Collect$$$$00000008)
    _main_cpp_init                           0x080000f5   Thumb Code     0  entry8b.o(.ARM.Collect$$$$0000000A)
    _main_init                               0x080000f5   Thumb Code     0  entry9a.o(.ARM.Collect$$$$0000000B)
    __rt_final_cpp                           0x080000fd   Thumb Code     0  entry10a.o(.ARM.Collect$$$$0000000D)
    __rt_final_exit                          0x080000fd   Thumb Code     0  entry11a.o(.ARM.Collect$$$$0000000F)
    main                                     0x08000101   Thumb Code   114  main.o(.text)
    TIM3_IRQHandler                          0x08000181   Thumb Code   198  stm32f10x_it.o(.text)
    USART2_IRQHandler                        0x08000247   Thumb Code     8  stm32f10x_it.o(.text)
    NMI_Handler                              0x0800024f   Thumb Code     2  stm32f10x_it.o(.text)
    HardFault_Handler                        0x08000251   Thumb Code     4  stm32f10x_it.o(.text)
    MemManage_Handler                        0x08000255   Thumb Code     4  stm32f10x_it.o(.text)
    BusFault_Handler                         0x08000259   Thumb Code     4  stm32f10x_it.o(.text)
    UsageFault_Handler                       0x0800025d   Thumb Code     4  stm32f10x_it.o(.text)
    SVC_Handler                              0x08000261   Thumb Code     2  stm32f10x_it.o(.text)
    DebugMon_Handler                         0x08000263   Thumb Code     2  stm32f10x_it.o(.text)
    PendSV_Handler                           0x08000265   Thumb Code     2  stm32f10x_it.o(.text)
    SysTick_Handler                          0x08000267   Thumb Code     2  stm32f10x_it.o(.text)
    EEPROM_Init                              0x08000281   Thumb Code    12  ui.o(.text)
    ReadLedStatusFromFlash                   0x0800028d   Thumb Code    30  ui.o(.text)
    ChangeComand                             0x080002ab   Thumb Code    12  ui.o(.text)
    DetectCommand                            0x080002b7   Thumb Code   212  ui.o(.text)
    SendCommand                              0x0800038b   Thumb Code    40  ui.o(.text)
    DeviceMemberInit                         0x080003b3   Thumb Code    18  ui.o(.text)
    AllDeviceInit                            0x080003c5   Thumb Code    34  ui.o(.text)
    MainMenuItemShow                         0x080003e7   Thumb Code   344  ui.o(.text)
    ControlModeItemShow                      0x0800053f   Thumb Code    40  ui.o(.text)
    EndDeviceOnlineStateShow                 0x08000567   Thumb Code   190  ui.o(.text)
    DeviceOnlineShow                         0x08000625   Thumb Code    28  ui.o(.text)
    MainMenuMoveTag                          0x08000641   Thumb Code   332  ui.o(.text)
    EndDeviceAddrItemShow                    0x0800078d   Thumb Code    68  ui.o(.text)
    TempetureSensorItemShow                  0x080007d1   Thumb Code    52  ui.o(.text)
    HumitySensorItemShow                     0x08000805   Thumb Code    52  ui.o(.text)
    SoilHumidityItemShow                     0x08000839   Thumb Code    52  ui.o(.text)
    LightIlluminationItemShow                0x0800086d   Thumb Code    52  ui.o(.text)
    GasSensorItemShow                        0x080008a1   Thumb Code    92  ui.o(.text)
    FireSensorItemShow                       0x080008fd   Thumb Code   108  ui.o(.text)
    AddWaterItemShow                         0x08000969   Thumb Code    70  ui.o(.text)
    AddLightItemShow                         0x080009af   Thumb Code    70  ui.o(.text)
    WindowOperationItemShow                  0x080009f5   Thumb Code    86  ui.o(.text)
    FanOperationItemShow                     0x08000a4b   Thumb Code    70  ui.o(.text)
    HumanSensorItemShow                      0x08000a91   Thumb Code    70  ui.o(.text)
    RainSensorItemShow                       0x08000ad7   Thumb Code    68  ui.o(.text)
    BalconyShow                              0x08000b1b   Thumb Code    78  ui.o(.text)
    KitchenShow                              0x08000b69   Thumb Code    62  ui.o(.text)
    BedroomShow                              0x08000ba7   Thumb Code    78  ui.o(.text)
    OutdoorShow                              0x08000bf5   Thumb Code    62  ui.o(.text)
    DoorShow                                 0x08000c33   Thumb Code    54  ui.o(.text)
    EndDeviceTag                             0x08000c69   Thumb Code    52  ui.o(.text)
    BalconyOptionTag                         0x08000c9d   Thumb Code    60  ui.o(.text)
    BedroomOptionTag                         0x08000cd9   Thumb Code   116  ui.o(.text)
    MainMenuIntoSubMenu                      0x08000d4d   Thumb Code   610  ui.o(.text)
    LED_Init                                 0x08000fbd   Thumb Code    66  led.o(.text)
    KEY_Init                                 0x08001009   Thumb Code    68  key.o(.text)
    KEY_Scan                                 0x0800104d   Thumb Code   166  key.o(.text)
    OLED_WR_Byte                             0x080010fd   Thumb Code   114  oled.o(.text)
    OLED_Set_Pos                             0x0800116f   Thumb Code    46  oled.o(.text)
    OLED_Display_On                          0x0800119d   Thumb Code    28  oled.o(.text)
    OLED_Display_Off                         0x080011b9   Thumb Code    28  oled.o(.text)
    OLED_Clear                               0x080011d5   Thumb Code    64  oled.o(.text)
    OLED_ShowChar                            0x08001215   Thumb Code   106  oled.o(.text)
    oled_pow                                 0x0800127f   Thumb Code    22  oled.o(.text)
    OLED_ShowNum                             0x08001295   Thumb Code   132  oled.o(.text)
    OLED_ShowString                          0x08001319   Thumb Code    64  oled.o(.text)
    OLED_ShowCHinese                         0x08001359   Thumb Code    98  oled.o(.text)
    OLED_DrawBMP                             0x080013bb   Thumb Code   118  oled.o(.text)
    OLED_Init                                0x08001431   Thumb Code   354  oled.o(.text)
    TIM3_Int_Init                            0x08001595   Thumb Code    88  timer.o(.text)
    packetCreate                             0x080015f1   Thumb Code    24  edp.o(.text)
    writeRemainlen                           0x08001609   Thumb Code    70  edp.o(.text)
    writeByte                                0x0800164f   Thumb Code    20  edp.o(.text)
    writeBytes                               0x08001663   Thumb Code    36  edp.o(.text)
    writeStr                                 0x08001687   Thumb Code    60  edp.o(.text)
    readUint8                                0x080016c3   Thumb Code    18  edp.o(.text)
    readUint16                               0x080016d5   Thumb Code    28  edp.o(.text)
    readUint32                               0x080016f1   Thumb Code    30  edp.o(.text)
    readStr                                  0x0800170f   Thumb Code    34  edp.o(.text)
    readRemainlen                            0x08001731   Thumb Code    56  edp.o(.text)
    packetConnect                            0x08001769   Thumb Code   118  edp.o(.text)
    packetDataSaveTrans                      0x080017df   Thumb Code   136  edp.o(.text)
    packetClear                              0x08001867   Thumb Code    14  edp.o(.text)
    isEdpPkt                                 0x08001875   Thumb Code    90  edp.o(.text)
    edpCommandReqParse                       0x080018cf   Thumb Code    70  edp.o(.text)
    edpPushDataParse                         0x08001915   Thumb Code    60  edp.o(.text)
    Uart2_Init                               0x0800195d   Thumb Code   168  usart2.o(.text)
    Uart2_Put_Char                           0x08001a05   Thumb Code    34  usart2.o(.text)
    Uart2_IRQ                                0x08001a27   Thumb Code   172  usart2.o(.text)
    Uart2_SendPackt                          0x08001ad3   Thumb Code    24  usart2.o(.text)
    Uart2_Put_String                         0x08001aeb   Thumb Code    46  usart2.o(.text)
    Uart2SendDataOut                         0x08001b19   Thumb Code    62  usart2.o(.text)
    NET_Init                                 0x08001b79   Thumb Code    90  net.o(.text)
    packetSend                               0x08001bd3   Thumb Code    24  net.o(.text)
    ConnectToDevice                          0x08001beb   Thumb Code    18  net.o(.text)
    UpLoadData                               0x08001bfd   Thumb Code    34  net.o(.text)
    UpLoadZigbeeEndDeviceOtherSensorDataToCloud 0x08001c1f   Thumb Code   200  net.o(.text)
    UpLoadZigbeeEndDeviceSensorDataToCloud   0x08001ce7   Thumb Code   240  net.o(.text)
    SwitchDetect                             0x08001dd7   Thumb Code  1488  net.o(.text)
    InitCurrWrAddress                        0x08002499   Thumb Code    92  eeprom.o(.text)
    EE_ReadVariable                          0x080025a3   Thumb Code    88  eeprom.o(.text)
    __EE_Init                                0x080025fb   Thumb Code   488  eeprom.o(.text)
    EE_Init                                  0x080027e3   Thumb Code    16  eeprom.o(.text)
    EE_WriteVariable                         0x080028ed   Thumb Code    36  eeprom.o(.text)
    delay_init                               0x08002921   Thumb Code    50  delay.o(.text)
    delay_us                                 0x08002953   Thumb Code    72  delay.o(.text)
    delay_ms                                 0x0800299b   Thumb Code    72  delay.o(.text)
    _sys_exit                                0x080029f5   Thumb Code     6  usart.o(.text)
    fputc                                    0x080029fb   Thumb Code    24  usart.o(.text)
    uart_init                                0x08002a13   Thumb Code   154  usart.o(.text)
    OnlineStateUpdate                        0x08002aad   Thumb Code    52  usart.o(.text)
    SensorDataFliter                         0x08002ae1   Thumb Code   116  usart.o(.text)
    HexToString                              0x08002b55   Thumb Code    70  usart.o(.text)
    DevcieAddrFliter                         0x08002b9b   Thumb Code    32  usart.o(.text)
    Uart1SendDataOut                         0x08002bbb   Thumb Code    62  usart.o(.text)
    Uart1Data_Receive_Anl                    0x08002bf9   Thumb Code   386  usart.o(.text)
    Uart1Data_Receive_Prepare                0x08002d7b   Thumb Code   294  usart.o(.text)
    USART1_IRQHandler                        0x08002ea1   Thumb Code   146  usart.o(.text)
    Uart1_Put_Char                           0x08002f33   Thumb Code    34  usart.o(.text)
    Uart1_SendPackt                          0x08002f55   Thumb Code    24  usart.o(.text)
    Uart1_Put_String                         0x08002f6d   Thumb Code    46  usart.o(.text)
    Reset_Handler                            0x08002fc1   Thumb Code     4  startup_stm32f10x_md.o(.text)
    ADC1_2_IRQHandler                        0x08002fd7   Thumb Code     0  startup_stm32f10x_md.o(.text)
    CAN1_RX1_IRQHandler                      0x08002fd7   Thumb Code     0  startup_stm32f10x_md.o(.text)
    CAN1_SCE_IRQHandler                      0x08002fd7   Thumb Code     0  startup_stm32f10x_md.o(.text)
    DMA1_Channel1_IRQHandler                 0x08002fd7   Thumb Code     0  startup_stm32f10x_md.o(.text)
    DMA1_Channel2_IRQHandler                 0x08002fd7   Thumb Code     0  startup_stm32f10x_md.o(.text)
    DMA1_Channel3_IRQHandler                 0x08002fd7   Thumb Code     0  startup_stm32f10x_md.o(.text)
    DMA1_Channel4_IRQHandler                 0x08002fd7   Thumb Code     0  startup_stm32f10x_md.o(.text)
    DMA1_Channel5_IRQHandler                 0x08002fd7   Thumb Code     0  startup_stm32f10x_md.o(.text)
    DMA1_Channel6_IRQHandler                 0x08002fd7   Thumb Code     0  startup_stm32f10x_md.o(.text)
    DMA1_Channel7_IRQHandler                 0x08002fd7   Thumb Code     0  startup_stm32f10x_md.o(.text)
    EXTI0_IRQHandler                         0x08002fd7   Thumb Code     0  startup_stm32f10x_md.o(.text)
    EXTI15_10_IRQHandler                     0x08002fd7   Thumb Code     0  startup_stm32f10x_md.o(.text)
    EXTI1_IRQHandler                         0x08002fd7   Thumb Code     0  startup_stm32f10x_md.o(.text)
    EXTI2_IRQHandler                         0x08002fd7   Thumb Code     0  startup_stm32f10x_md.o(.text)
    EXTI3_IRQHandler                         0x08002fd7   Thumb Code     0  startup_stm32f10x_md.o(.text)
    EXTI4_IRQHandler                         0x08002fd7   Thumb Code     0  startup_stm32f10x_md.o(.text)
    EXTI9_5_IRQHandler                       0x08002fd7   Thumb Code     0  startup_stm32f10x_md.o(.text)
    FLASH_IRQHandler                         0x08002fd7   Thumb Code     0  startup_stm32f10x_md.o(.text)
    I2C1_ER_IRQHandler                       0x08002fd7   Thumb Code     0  startup_stm32f10x_md.o(.text)
    I2C1_EV_IRQHandler                       0x08002fd7   Thumb Code     0  startup_stm32f10x_md.o(.text)
    I2C2_ER_IRQHandler                       0x08002fd7   Thumb Code     0  startup_stm32f10x_md.o(.text)
    I2C2_EV_IRQHandler                       0x08002fd7   Thumb Code     0  startup_stm32f10x_md.o(.text)
    PVD_IRQHandler                           0x08002fd7   Thumb Code     0  startup_stm32f10x_md.o(.text)
    RCC_IRQHandler                           0x08002fd7   Thumb Code     0  startup_stm32f10x_md.o(.text)
    RTCAlarm_IRQHandler                      0x08002fd7   Thumb Code     0  startup_stm32f10x_md.o(.text)
    RTC_IRQHandler                           0x08002fd7   Thumb Code     0  startup_stm32f10x_md.o(.text)
    SPI1_IRQHandler                          0x08002fd7   Thumb Code     0  startup_stm32f10x_md.o(.text)
    SPI2_IRQHandler                          0x08002fd7   Thumb Code     0  startup_stm32f10x_md.o(.text)
    TAMPER_IRQHandler                        0x08002fd7   Thumb Code     0  startup_stm32f10x_md.o(.text)
    TIM1_BRK_IRQHandler                      0x08002fd7   Thumb Code     0  startup_stm32f10x_md.o(.text)
    TIM1_CC_IRQHandler                       0x08002fd7   Thumb Code     0  startup_stm32f10x_md.o(.text)
    TIM1_TRG_COM_IRQHandler                  0x08002fd7   Thumb Code     0  startup_stm32f10x_md.o(.text)
    TIM1_UP_IRQHandler                       0x08002fd7   Thumb Code     0  startup_stm32f10x_md.o(.text)
    TIM2_IRQHandler                          0x08002fd7   Thumb Code     0  startup_stm32f10x_md.o(.text)
    TIM4_IRQHandler                          0x08002fd7   Thumb Code     0  startup_stm32f10x_md.o(.text)
    USART3_IRQHandler                        0x08002fd7   Thumb Code     0  startup_stm32f10x_md.o(.text)
    USBWakeUp_IRQHandler                     0x08002fd7   Thumb Code     0  startup_stm32f10x_md.o(.text)
    USB_HP_CAN1_TX_IRQHandler                0x08002fd7   Thumb Code     0  startup_stm32f10x_md.o(.text)
    USB_LP_CAN1_RX0_IRQHandler               0x08002fd7   Thumb Code     0  startup_stm32f10x_md.o(.text)
    WWDG_IRQHandler                          0x08002fd7   Thumb Code     0  startup_stm32f10x_md.o(.text)
    NVIC_PriorityGroupConfig                 0x08002fdd   Thumb Code    10  misc.o(.text)
    NVIC_Init                                0x08002fe7   Thumb Code   100  misc.o(.text)
    NVIC_SetVectorTable                      0x0800304b   Thumb Code    14  misc.o(.text)
    NVIC_SystemLPConfig                      0x08003059   Thumb Code    34  misc.o(.text)
    SysTick_CLKSourceConfig                  0x0800307b   Thumb Code    40  misc.o(.text)
    GPIO_DeInit                              0x080030b9   Thumb Code   172  stm32f10x_gpio.o(.text)
    GPIO_AFIODeInit                          0x08003165   Thumb Code    20  stm32f10x_gpio.o(.text)
    GPIO_Init                                0x08003179   Thumb Code   278  stm32f10x_gpio.o(.text)
    GPIO_StructInit                          0x0800328f   Thumb Code    16  stm32f10x_gpio.o(.text)
    GPIO_ReadInputDataBit                    0x0800329f   Thumb Code    18  stm32f10x_gpio.o(.text)
    GPIO_ReadInputData                       0x080032b1   Thumb Code     8  stm32f10x_gpio.o(.text)
    GPIO_ReadOutputDataBit                   0x080032b9   Thumb Code    18  stm32f10x_gpio.o(.text)
    GPIO_ReadOutputData                      0x080032cb   Thumb Code     8  stm32f10x_gpio.o(.text)
    GPIO_SetBits                             0x080032d3   Thumb Code     4  stm32f10x_gpio.o(.text)
    GPIO_ResetBits                           0x080032d7   Thumb Code     4  stm32f10x_gpio.o(.text)
    GPIO_WriteBit                            0x080032db   Thumb Code    10  stm32f10x_gpio.o(.text)
    GPIO_Write                               0x080032e5   Thumb Code     4  stm32f10x_gpio.o(.text)
    GPIO_PinLockConfig                       0x080032e9   Thumb Code    18  stm32f10x_gpio.o(.text)
    GPIO_EventOutputConfig                   0x080032fb   Thumb Code    26  stm32f10x_gpio.o(.text)
    GPIO_EventOutputCmd                      0x08003315   Thumb Code     6  stm32f10x_gpio.o(.text)
    GPIO_PinRemapConfig                      0x0800331b   Thumb Code   138  stm32f10x_gpio.o(.text)
    GPIO_EXTILineConfig                      0x080033a5   Thumb Code    66  stm32f10x_gpio.o(.text)
    GPIO_ETH_MediaInterfaceConfig            0x080033e7   Thumb Code     8  stm32f10x_gpio.o(.text)
    RCC_DeInit                               0x08003415   Thumb Code    64  stm32f10x_rcc.o(.text)
    RCC_HSEConfig                            0x08003455   Thumb Code    70  stm32f10x_rcc.o(.text)
    RCC_GetFlagStatus                        0x0800349b   Thumb Code    56  stm32f10x_rcc.o(.text)
    RCC_WaitForHSEStartUp                    0x080034d3   Thumb Code    56  stm32f10x_rcc.o(.text)
    RCC_AdjustHSICalibrationValue            0x0800350b   Thumb Code    20  stm32f10x_rcc.o(.text)
    RCC_HSICmd                               0x0800351f   Thumb Code     6  stm32f10x_rcc.o(.text)
    RCC_PLLConfig                            0x08003525   Thumb Code    24  stm32f10x_rcc.o(.text)
    RCC_PLLCmd                               0x0800353d   Thumb Code     6  stm32f10x_rcc.o(.text)
    RCC_SYSCLKConfig                         0x08003543   Thumb Code    18  stm32f10x_rcc.o(.text)
    RCC_GetSYSCLKSource                      0x08003555   Thumb Code    10  stm32f10x_rcc.o(.text)
    RCC_HCLKConfig                           0x0800355f   Thumb Code    18  stm32f10x_rcc.o(.text)
    RCC_PCLK1Config                          0x08003571   Thumb Code    18  stm32f10x_rcc.o(.text)
    RCC_PCLK2Config                          0x08003583   Thumb Code    20  stm32f10x_rcc.o(.text)
    RCC_ITConfig                             0x08003597   Thumb Code    26  stm32f10x_rcc.o(.text)
    RCC_USBCLKConfig                         0x080035b1   Thumb Code     8  stm32f10x_rcc.o(.text)
    RCC_ADCCLKConfig                         0x080035b9   Thumb Code    18  stm32f10x_rcc.o(.text)
    RCC_LSEConfig                            0x080035cb   Thumb Code    50  stm32f10x_rcc.o(.text)
    RCC_LSICmd                               0x080035fd   Thumb Code     6  stm32f10x_rcc.o(.text)
    RCC_RTCCLKConfig                         0x08003603   Thumb Code    12  stm32f10x_rcc.o(.text)
    RCC_RTCCLKCmd                            0x0800360f   Thumb Code     8  stm32f10x_rcc.o(.text)
    RCC_GetClocksFreq                        0x08003617   Thumb Code   192  stm32f10x_rcc.o(.text)
    RCC_AHBPeriphClockCmd                    0x080036d7   Thumb Code    26  stm32f10x_rcc.o(.text)
    RCC_APB2PeriphClockCmd                   0x080036f1   Thumb Code    26  stm32f10x_rcc.o(.text)
    RCC_APB1PeriphClockCmd                   0x0800370b   Thumb Code    26  stm32f10x_rcc.o(.text)
    RCC_APB2PeriphResetCmd                   0x08003725   Thumb Code    26  stm32f10x_rcc.o(.text)
    RCC_APB1PeriphResetCmd                   0x0800373f   Thumb Code    26  stm32f10x_rcc.o(.text)
    RCC_BackupResetCmd                       0x08003759   Thumb Code     8  stm32f10x_rcc.o(.text)
    RCC_ClockSecuritySystemCmd               0x08003761   Thumb Code     6  stm32f10x_rcc.o(.text)
    RCC_MCOConfig                            0x08003767   Thumb Code     6  stm32f10x_rcc.o(.text)
    RCC_ClearFlag                            0x0800376d   Thumb Code    14  stm32f10x_rcc.o(.text)
    RCC_GetITStatus                          0x0800377b   Thumb Code    20  stm32f10x_rcc.o(.text)
    RCC_ClearITPendingBit                    0x0800378f   Thumb Code     6  stm32f10x_rcc.o(.text)
    USART_DeInit                             0x080037b9   Thumb Code   134  stm32f10x_usart.o(.text)
    USART_Init                               0x0800383f   Thumb Code   210  stm32f10x_usart.o(.text)
    USART_StructInit                         0x08003911   Thumb Code    24  stm32f10x_usart.o(.text)
    USART_ClockInit                          0x08003929   Thumb Code    34  stm32f10x_usart.o(.text)
    USART_ClockStructInit                    0x0800394b   Thumb Code    12  stm32f10x_usart.o(.text)
    USART_Cmd                                0x08003957   Thumb Code    24  stm32f10x_usart.o(.text)
    USART_ITConfig                           0x0800396f   Thumb Code    74  stm32f10x_usart.o(.text)
    USART_DMACmd                             0x080039b9   Thumb Code    18  stm32f10x_usart.o(.text)
    USART_SetAddress                         0x080039cb   Thumb Code    18  stm32f10x_usart.o(.text)
    USART_WakeUpConfig                       0x080039dd   Thumb Code    18  stm32f10x_usart.o(.text)
    USART_ReceiverWakeUpCmd                  0x080039ef   Thumb Code    24  stm32f10x_usart.o(.text)
    USART_LINBreakDetectLengthConfig         0x08003a07   Thumb Code    18  stm32f10x_usart.o(.text)
    USART_LINCmd                             0x08003a19   Thumb Code    24  stm32f10x_usart.o(.text)
    USART_SendData                           0x08003a31   Thumb Code     8  stm32f10x_usart.o(.text)
    USART_ReceiveData                        0x08003a39   Thumb Code    10  stm32f10x_usart.o(.text)
    USART_SendBreak                          0x08003a43   Thumb Code    10  stm32f10x_usart.o(.text)
    USART_SetGuardTime                       0x08003a4d   Thumb Code    16  stm32f10x_usart.o(.text)
    USART_SetPrescaler                       0x08003a5d   Thumb Code    16  stm32f10x_usart.o(.text)
    USART_SmartCardCmd                       0x08003a6d   Thumb Code    24  stm32f10x_usart.o(.text)
    USART_SmartCardNACKCmd                   0x08003a85   Thumb Code    24  stm32f10x_usart.o(.text)
    USART_HalfDuplexCmd                      0x08003a9d   Thumb Code    24  stm32f10x_usart.o(.text)
    USART_OverSampling8Cmd                   0x08003ab5   Thumb Code    22  stm32f10x_usart.o(.text)
    USART_OneBitMethodCmd                    0x08003acb   Thumb Code    24  stm32f10x_usart.o(.text)
    USART_IrDAConfig                         0x08003ae3   Thumb Code    18  stm32f10x_usart.o(.text)
    USART_IrDACmd                            0x08003af5   Thumb Code    24  stm32f10x_usart.o(.text)
    USART_GetFlagStatus                      0x08003b0d   Thumb Code    26  stm32f10x_usart.o(.text)
    USART_ClearFlag                          0x08003b27   Thumb Code    18  stm32f10x_usart.o(.text)
    USART_GetITStatus                        0x08003b39   Thumb Code    84  stm32f10x_usart.o(.text)
    USART_ClearITPendingBit                  0x08003b8d   Thumb Code    52  stm32f10x_usart.o(.text)
    TIM_DeInit                               0x08003bc1   Thumb Code   424  stm32f10x_tim.o(.text)
    TIM_TimeBaseInit                         0x08003d69   Thumb Code   122  stm32f10x_tim.o(.text)
    TIM_OC1Init                              0x08003de3   Thumb Code   132  stm32f10x_tim.o(.text)
    TIM_OC2Init                              0x08003e67   Thumb Code   154  stm32f10x_tim.o(.text)
    TIM_OC3Init                              0x08003f01   Thumb Code   150  stm32f10x_tim.o(.text)
    TIM_OC4Init                              0x08003f97   Thumb Code   182  stm32f10x_tim.o(.text)
    TIM_SetIC4Prescaler                      0x0800404d   Thumb Code    26  stm32f10x_tim.o(.text)
    TIM_SetIC3Prescaler                      0x080040e9   Thumb Code    18  stm32f10x_tim.o(.text)
    TIM_SetIC2Prescaler                      0x08004175   Thumb Code    26  stm32f10x_tim.o(.text)
    TIM_SetIC1Prescaler                      0x08004211   Thumb Code    18  stm32f10x_tim.o(.text)
    TIM_ICInit                               0x0800428f   Thumb Code   150  stm32f10x_tim.o(.text)
    TIM_PWMIConfig                           0x08004325   Thumb Code   124  stm32f10x_tim.o(.text)
    TIM_BDTRConfig                           0x080043a1   Thumb Code    32  stm32f10x_tim.o(.text)
    TIM_TimeBaseStructInit                   0x080043c1   Thumb Code    18  stm32f10x_tim.o(.text)
    TIM_OCStructInit                         0x080043d3   Thumb Code    20  stm32f10x_tim.o(.text)
    TIM_ICStructInit                         0x080043e7   Thumb Code    18  stm32f10x_tim.o(.text)
    TIM_BDTRStructInit                       0x080043f9   Thumb Code    40  stm32f10x_tim.o(.text)
    TIM_Cmd                                  0x08004421   Thumb Code    24  stm32f10x_tim.o(.text)
    TIM_CtrlPWMOutputs                       0x08004439   Thumb Code    30  stm32f10x_tim.o(.text)
    TIM_ITConfig                             0x08004457   Thumb Code    18  stm32f10x_tim.o(.text)
    TIM_GenerateEvent                        0x08004469   Thumb Code     4  stm32f10x_tim.o(.text)
    TIM_DMAConfig                            0x0800446d   Thumb Code    10  stm32f10x_tim.o(.text)
    TIM_DMACmd                               0x08004477   Thumb Code    18  stm32f10x_tim.o(.text)
    TIM_InternalClockConfig                  0x08004489   Thumb Code    12  stm32f10x_tim.o(.text)
    TIM_SelectInputTrigger                   0x08004495   Thumb Code    18  stm32f10x_tim.o(.text)
    TIM_ITRxExternalClockConfig              0x080044a7   Thumb Code    24  stm32f10x_tim.o(.text)
    TIM_TIxExternalClockConfig               0x080044bf   Thumb Code    62  stm32f10x_tim.o(.text)
    TIM_ETRConfig                            0x080044fd   Thumb Code    28  stm32f10x_tim.o(.text)
    TIM_ETRClockMode1Config                  0x08004519   Thumb Code    54  stm32f10x_tim.o(.text)
    TIM_ETRClockMode2Config                  0x0800454f   Thumb Code    32  stm32f10x_tim.o(.text)
    TIM_PrescalerConfig                      0x0800456f   Thumb Code     6  stm32f10x_tim.o(.text)
    TIM_CounterModeConfig                    0x08004575   Thumb Code    18  stm32f10x_tim.o(.text)
    TIM_EncoderInterfaceConfig               0x08004587   Thumb Code    66  stm32f10x_tim.o(.text)
    TIM_ForcedOC1Config                      0x080045c9   Thumb Code    18  stm32f10x_tim.o(.text)
    TIM_ForcedOC2Config                      0x080045db   Thumb Code    26  stm32f10x_tim.o(.text)
    TIM_ForcedOC3Config                      0x080045f5   Thumb Code    18  stm32f10x_tim.o(.text)
    TIM_ForcedOC4Config                      0x08004607   Thumb Code    26  stm32f10x_tim.o(.text)
    TIM_ARRPreloadConfig                     0x08004621   Thumb Code    24  stm32f10x_tim.o(.text)
    TIM_SelectCOM                            0x08004639   Thumb Code    24  stm32f10x_tim.o(.text)
    TIM_SelectCCDMA                          0x08004651   Thumb Code    24  stm32f10x_tim.o(.text)
    TIM_CCPreloadControl                     0x08004669   Thumb Code    24  stm32f10x_tim.o(.text)
    TIM_OC1PreloadConfig                     0x08004681   Thumb Code    18  stm32f10x_tim.o(.text)
    TIM_OC2PreloadConfig                     0x08004693   Thumb Code    26  stm32f10x_tim.o(.text)
    TIM_OC3PreloadConfig                     0x080046ad   Thumb Code    18  stm32f10x_tim.o(.text)
    TIM_OC4PreloadConfig                     0x080046bf   Thumb Code    26  stm32f10x_tim.o(.text)
    TIM_OC1FastConfig                        0x080046d9   Thumb Code    18  stm32f10x_tim.o(.text)
    TIM_OC2FastConfig                        0x080046eb   Thumb Code    26  stm32f10x_tim.o(.text)
    TIM_OC3FastConfig                        0x08004705   Thumb Code    18  stm32f10x_tim.o(.text)
    TIM_OC4FastConfig                        0x08004717   Thumb Code    26  stm32f10x_tim.o(.text)
    TIM_ClearOC1Ref                          0x08004731   Thumb Code    18  stm32f10x_tim.o(.text)
    TIM_ClearOC2Ref                          0x08004743   Thumb Code    24  stm32f10x_tim.o(.text)
    TIM_ClearOC3Ref                          0x0800475b   Thumb Code    18  stm32f10x_tim.o(.text)
    TIM_ClearOC4Ref                          0x0800476d   Thumb Code    24  stm32f10x_tim.o(.text)
    TIM_OC1PolarityConfig                    0x08004785   Thumb Code    18  stm32f10x_tim.o(.text)
    TIM_OC1NPolarityConfig                   0x08004797   Thumb Code    18  stm32f10x_tim.o(.text)
    TIM_OC2PolarityConfig                    0x080047a9   Thumb Code    26  stm32f10x_tim.o(.text)
    TIM_OC2NPolarityConfig                   0x080047c3   Thumb Code    26  stm32f10x_tim.o(.text)
    TIM_OC3PolarityConfig                    0x080047dd   Thumb Code    26  stm32f10x_tim.o(.text)
    TIM_OC3NPolarityConfig                   0x080047f7   Thumb Code    26  stm32f10x_tim.o(.text)
    TIM_OC4PolarityConfig                    0x08004811   Thumb Code    26  stm32f10x_tim.o(.text)
    TIM_CCxCmd                               0x0800482b   Thumb Code    30  stm32f10x_tim.o(.text)
    TIM_CCxNCmd                              0x08004849   Thumb Code    30  stm32f10x_tim.o(.text)
    TIM_SelectOCxM                           0x08004867   Thumb Code    82  stm32f10x_tim.o(.text)
    TIM_UpdateDisableConfig                  0x080048b9   Thumb Code    24  stm32f10x_tim.o(.text)
    TIM_UpdateRequestConfig                  0x080048d1   Thumb Code    24  stm32f10x_tim.o(.text)
    TIM_SelectHallSensor                     0x080048e9   Thumb Code    24  stm32f10x_tim.o(.text)
    TIM_SelectOnePulseMode                   0x08004901   Thumb Code    18  stm32f10x_tim.o(.text)
    TIM_SelectOutputTrigger                  0x08004913   Thumb Code    18  stm32f10x_tim.o(.text)
    TIM_SelectSlaveMode                      0x08004925   Thumb Code    18  stm32f10x_tim.o(.text)
    TIM_SelectMasterSlaveMode                0x08004937   Thumb Code    18  stm32f10x_tim.o(.text)
    TIM_SetCounter                           0x08004949   Thumb Code     4  stm32f10x_tim.o(.text)
    TIM_SetAutoreload                        0x0800494d   Thumb Code     4  stm32f10x_tim.o(.text)
    TIM_SetCompare1                          0x08004951   Thumb Code     4  stm32f10x_tim.o(.text)
    TIM_SetCompare2                          0x08004955   Thumb Code     4  stm32f10x_tim.o(.text)
    TIM_SetCompare3                          0x08004959   Thumb Code     4  stm32f10x_tim.o(.text)
    TIM_SetCompare4                          0x0800495d   Thumb Code     6  stm32f10x_tim.o(.text)
    TIM_SetClockDivision                     0x08004963   Thumb Code    18  stm32f10x_tim.o(.text)
    TIM_GetCapture1                          0x08004975   Thumb Code     6  stm32f10x_tim.o(.text)
    TIM_GetCapture2                          0x0800497b   Thumb Code     6  stm32f10x_tim.o(.text)
    TIM_GetCapture3                          0x08004981   Thumb Code     6  stm32f10x_tim.o(.text)
    TIM_GetCapture4                          0x08004987   Thumb Code     8  stm32f10x_tim.o(.text)
    TIM_GetCounter                           0x0800498f   Thumb Code     6  stm32f10x_tim.o(.text)
    TIM_GetPrescaler                         0x08004995   Thumb Code     6  stm32f10x_tim.o(.text)
    TIM_GetFlagStatus                        0x0800499b   Thumb Code    18  stm32f10x_tim.o(.text)
    TIM_ClearFlag                            0x080049ad   Thumb Code     6  stm32f10x_tim.o(.text)
    TIM_GetITStatus                          0x080049b3   Thumb Code    34  stm32f10x_tim.o(.text)
    TIM_ClearITPendingBit                    0x080049d5   Thumb Code     6  stm32f10x_tim.o(.text)
    FLASH_SetLatency                         0x080049dd   Thumb Code    18  stm32f10x_flash.o(.text)
    FLASH_HalfCycleAccessCmd                 0x080049ef   Thumb Code    22  stm32f10x_flash.o(.text)
    FLASH_PrefetchBufferCmd                  0x08004a05   Thumb Code    22  stm32f10x_flash.o(.text)
    FLASH_Unlock                             0x08004a1b   Thumb Code    12  stm32f10x_flash.o(.text)
    FLASH_UnlockBank1                        0x08004a27   Thumb Code    12  stm32f10x_flash.o(.text)
    FLASH_Lock                               0x08004a33   Thumb Code    14  stm32f10x_flash.o(.text)
    FLASH_LockBank1                          0x08004a41   Thumb Code    14  stm32f10x_flash.o(.text)
    FLASH_GetBank1Status                     0x08004a4f   Thumb Code    48  stm32f10x_flash.o(.text)
    FLASH_WaitForLastOperation               0x08004a7f   Thumb Code    38  stm32f10x_flash.o(.text)
    FLASH_ErasePage                          0x08004aa5   Thumb Code    72  stm32f10x_flash.o(.text)
    FLASH_EraseAllPages                      0x08004aed   Thumb Code    68  stm32f10x_flash.o(.text)
    FLASH_WaitForLastBank1Operation          0x08004b31   Thumb Code    38  stm32f10x_flash.o(.text)
    FLASH_EraseAllBank1Pages                 0x08004b57   Thumb Code    68  stm32f10x_flash.o(.text)
    FLASH_GetReadOutProtectionStatus         0x08004b9b   Thumb Code    20  stm32f10x_flash.o(.text)
    FLASH_EraseOptionBytes                   0x08004baf   Thumb Code   150  stm32f10x_flash.o(.text)
    FLASH_ProgramWord                        0x08004c45   Thumb Code   102  stm32f10x_flash.o(.text)
    FLASH_ProgramHalfWord                    0x08004cab   Thumb Code    60  stm32f10x_flash.o(.text)
    FLASH_ProgramOptionByteData              0x08004ce7   Thumb Code    72  stm32f10x_flash.o(.text)
    FLASH_EnableWriteProtection              0x08004d2f   Thumb Code   200  stm32f10x_flash.o(.text)
    FLASH_ReadOutProtection                  0x08004df7   Thumb Code   156  stm32f10x_flash.o(.text)
    FLASH_UserOptionByteConfig               0x08004e93   Thumb Code    88  stm32f10x_flash.o(.text)
    FLASH_GetUserOptionByte                  0x08004eeb   Thumb Code     8  stm32f10x_flash.o(.text)
    FLASH_GetWriteProtectionOptionByte       0x08004ef3   Thumb Code     6  stm32f10x_flash.o(.text)
    FLASH_GetPrefetchBufferStatus            0x08004ef9   Thumb Code    20  stm32f10x_flash.o(.text)
    FLASH_ITConfig                           0x08004f0d   Thumb Code    26  stm32f10x_flash.o(.text)
    FLASH_GetFlagStatus                      0x08004f27   Thumb Code    42  stm32f10x_flash.o(.text)
    FLASH_ClearFlag                          0x08004f51   Thumb Code     6  stm32f10x_flash.o(.text)
    FLASH_GetStatus                          0x08004f57   Thumb Code    48  stm32f10x_flash.o(.text)
    __aeabi_memcpy                           0x08004f99   Thumb Code    36  memcpya.o(.text)
    __aeabi_memcpy4                          0x08004f99   Thumb Code     0  memcpya.o(.text)
    __aeabi_memcpy8                          0x08004f99   Thumb Code     0  memcpya.o(.text)
    __aeabi_memset                           0x08004fbd   Thumb Code    14  memseta.o(.text)
    __aeabi_memset4                          0x08004fbd   Thumb Code     0  memseta.o(.text)
    __aeabi_memset8                          0x08004fbd   Thumb Code     0  memseta.o(.text)
    __aeabi_memclr                           0x08004fcb   Thumb Code     4  memseta.o(.text)
    __aeabi_memclr4                          0x08004fcb   Thumb Code     0  memseta.o(.text)
    __aeabi_memclr8                          0x08004fcb   Thumb Code     0  memseta.o(.text)
    _memset$wrapper                          0x08004fcf   Thumb Code    18  memseta.o(.text)
    strcat                                   0x08004fe1   Thumb Code    24  strcat.o(.text)
    strstr                                   0x08004ff9   Thumb Code    36  strstr.o(.text)
    strlen                                   0x0800501d   Thumb Code    14  strlen.o(.text)
    __aeabi_uidiv                            0x0800502b   Thumb Code     0  uidiv.o(.text)
    __aeabi_uidivmod                         0x0800502b   Thumb Code    44  uidiv.o(.text)
    __scatterload                            0x08005059   Thumb Code    28  init.o(.text)
    __scatterload_rt2                        0x08005059   Thumb Code     0  init.o(.text)
    __decompress                             0x0800507d   Thumb Code     0  __dclz77c.o(.text)
    __decompress2                            0x0800507d   Thumb Code    94  __dclz77c.o(.text)
    __0sprintf$3                             0x080050dd   Thumb Code    34  printf3.o(i.__0sprintf$3)
    __1sprintf$3                             0x080050dd   Thumb Code     0  printf3.o(i.__0sprintf$3)
    __2sprintf                               0x080050dd   Thumb Code     0  printf3.o(i.__0sprintf$3)
    __scatterload_copy                       0x08005105   Thumb Code    14  handlers.o(i.__scatterload_copy)
    __scatterload_null                       0x08005113   Thumb Code     2  handlers.o(i.__scatterload_null)
    __scatterload_zeroinit                   0x08005115   Thumb Code    14  handlers.o(i.__scatterload_zeroinit)
    free                                     0x080052e9   Thumb Code    76  malloc.o(i.free)
    malloc                                   0x08005339   Thumb Code    92  malloc.o(i.malloc)
    F6x8                                     0x080053a4   Data         552  oled.o(.constdata)
    F8X16                                    0x080055cc   Data        1520  oled.o(.constdata)
    Region$$Table$$Base                      0x08005bbc   Number         0  anon$$obj.o(Region$$Table)
    Region$$Table$$Limit                     0x08005bdc   Number         0  anon$$obj.o(Region$$Table)
    StartToUploadFlag                        0x20000000   Data           4  stm32f10x_it.o(.data)
    SystemCoreClock                          0x20000008   Data           4  system_stm32f10x.o(.data)
    AHBPrescTable                            0x2000000c   Data          16  system_stm32f10x.o(.data)
    SendRequestBuf                           0x2000001c   Data           8  ui.o(.data)
    SendCmdFlag                              0x20000024   Data           4  ui.o(.data)
    ModeCouter                               0x20000028   Data           4  ui.o(.data)
    VirtAddVarTab                            0x20000034   Data         114  ui.o(.data)
    Hzk                                      0x200000b8   Data        3776  oled.o(.data)
    RxCompeleteFlag                          0x20000f78   Data           4  usart2.o(.data)
    RXCouter                                 0x20000f7c   Data           4  usart2.o(.data)
    temperature                              0x20000f82   Data          90  net.o(.data)
    humidity                                 0x20000fdc   Data          75  net.o(.data)
    DataVar                                  0x20001028   Data           2  eeprom.o(.data)
    CurWrAddress                             0x2000102c   Data           4  eeprom.o(.data)
    __stdout                                 0x20001034   Data           4  usart.o(.data)
    ShowDataReady                            0x20001038   Data           1  usart.o(.data)
    DecToHex                                 0x20001039   Data          16  usart.o(.data)
    addr                                     0x20001049   Data           4  usart.o(.data)
    __microlib_freelist                      0x2000106c   Data           4  mvars.o(.data)
    __microlib_freelist_initialised          0x20001070   Data           4  mvars.o(.data)
    dev1                                     0x20001074   Data          52  ui.o(.bss)
    dev2                                     0x200010a8   Data          52  ui.o(.bss)
    dev3                                     0x200010dc   Data          52  ui.o(.bss)
    dev4                                     0x20001110   Data          52  ui.o(.bss)
    dev5                                     0x20001144   Data          52  ui.o(.bss)
    DeviceOnlineState                        0x20001178   Data          20  ui.o(.bss)
    Lamp                                     0x2000118c   Data          24  ui.o(.bss)
    SaveRxBuffer                             0x200011e2   Data         600  usart2.o(.bss)
    NetData                                  0x2000156c   Data          10  usart.o(.bss)
    __heap_base                              0x200016a8   Data           0  startup_stm32f10x_md.o(HEAP)
    __heap_limit                             0x200018a8   Data           0  startup_stm32f10x_md.o(HEAP)
    __initial_sp                             0x20001ca8   Data           0  startup_stm32f10x_md.o(STACK)



==============================================================================

Memory Map of the image

  Image Entry point : 0x080000ed

  Load Region LR_IROM1 (Base: 0x08000000, Size: 0x00006c50, Max: 0x00020000, ABSOLUTE, COMPRESSED[0x000062d4])

    Execution Region ER_IROM1 (Base: 0x08000000, Size: 0x00005bdc, Max: 0x00020000, ABSOLUTE)

    Base Addr    Size         Type   Attr      Idx    E Section Name        Object

    0x08000000   0x000000ec   Data   RO          469    RESET               startup_stm32f10x_md.o
    0x080000ec   0x00000000   Code   RO          548  * .ARM.Collect$$$$00000000  mc_w.l(entry.o)
    0x080000ec   0x00000004   Code   RO          852    .ARM.Collect$$$$00000001  mc_w.l(entry2.o)
    0x080000f0   0x00000004   Code   RO          855    .ARM.Collect$$$$00000004  mc_w.l(entry5.o)
    0x080000f4   0x00000000   Code   RO          857    .ARM.Collect$$$$00000008  mc_w.l(entry7b.o)
    0x080000f4   0x00000000   Code   RO          859    .ARM.Collect$$$$0000000A  mc_w.l(entry8b.o)
    0x080000f4   0x00000008   Code   RO          860    .ARM.Collect$$$$0000000B  mc_w.l(entry9a.o)
    0x080000fc   0x00000000   Code   RO          862    .ARM.Collect$$$$0000000D  mc_w.l(entry10a.o)
    0x080000fc   0x00000000   Code   RO          864    .ARM.Collect$$$$0000000F  mc_w.l(entry11a.o)
    0x080000fc   0x00000004   Code   RO          853    .ARM.Collect$$$$00002712  mc_w.l(entry2.o)
    0x08000100   0x00000080   Code   RO            1    .text               main.o
    0x08000180   0x00000100   Code   RO          158    .text               stm32f10x_it.o
    0x08000280   0x00000d3c   Code   RO          238    .text               ui.o
    0x08000fbc   0x0000004c   Code   RO          257    .text               led.o
    0x08001008   0x000000f4   Code   RO          269    .text               key.o
    0x080010fc   0x00000496   Code   RO          281    .text               oled.o
    0x08001592   0x00000002   PAD
    0x08001594   0x0000005c   Code   RO          300    .text               timer.o
    0x080015f0   0x0000036c   Code   RO          327    .text               edp.o
    0x0800195c   0x0000021c   Code   RO          349    .text               usart2.o
    0x08001b78   0x000008d0   Code   RO          368    .text               net.o
    0x08002448   0x000004d8   Code   RO          387    .text               eeprom.o
    0x08002920   0x000000d4   Code   RO          403    .text               delay.o
    0x080029f4   0x000005cc   Code   RO          434    .text               usart.o
    0x08002fc0   0x0000001c   Code   RO          470    .text               startup_stm32f10x_md.o
    0x08002fdc   0x000000dc   Code   RO          474    .text               misc.o
    0x080030b8   0x0000035c   Code   RO          486    .text               stm32f10x_gpio.o
    0x08003414   0x000003a4   Code   RO          498    .text               stm32f10x_rcc.o
    0x080037b8   0x00000408   Code   RO          512    .text               stm32f10x_usart.o
    0x08003bc0   0x00000e1a   Code   RO          524    .text               stm32f10x_tim.o
    0x080049da   0x00000002   PAD
    0x080049dc   0x000005bc   Code   RO          536    .text               stm32f10x_flash.o
    0x08004f98   0x00000024   Code   RO          551    .text               mc_w.l(memcpya.o)
    0x08004fbc   0x00000024   Code   RO          553    .text               mc_w.l(memseta.o)
    0x08004fe0   0x00000018   Code   RO          555    .text               mc_w.l(strcat.o)
    0x08004ff8   0x00000024   Code   RO          557    .text               mc_w.l(strstr.o)
    0x0800501c   0x0000000e   Code   RO          559    .text               mc_w.l(strlen.o)
    0x0800502a   0x0000002c   Code   RO          866    .text               mc_w.l(uidiv.o)
    0x08005056   0x00000002   PAD
    0x08005058   0x00000024   Code   RO          883    .text               mc_w.l(init.o)
    0x0800507c   0x0000005e   Code   RO          901    .text               mc_w.l(__dclz77c.o)
    0x080050da   0x00000002   PAD
    0x080050dc   0x00000028   Code   RO          654    i.__0sprintf$3      mc_w.l(printf3.o)
    0x08005104   0x0000000e   Code   RO          895    i.__scatterload_copy  mc_w.l(handlers.o)
    0x08005112   0x00000002   Code   RO          896    i.__scatterload_null  mc_w.l(handlers.o)
    0x08005114   0x0000000e   Code   RO          897    i.__scatterload_zeroinit  mc_w.l(handlers.o)
    0x08005122   0x00000002   PAD
    0x08005124   0x000001b8   Code   RO          659    i._printf_core      mc_w.l(printf3.o)
    0x080052dc   0x0000000a   Code   RO          661    i._sputc            mc_w.l(printf3.o)
    0x080052e6   0x00000002   PAD
    0x080052e8   0x00000050   Code   RO          824    i.free              mc_w.l(malloc.o)
    0x08005338   0x0000006c   Code   RO          825    i.malloc            mc_w.l(malloc.o)
    0x080053a4   0x00000818   Data   RO          282    .constdata          oled.o
    0x08005bbc   0x00000020   Data   RO          893    Region$$Table       anon$$obj.o


    Execution Region RW_IRAM1 (Base: 0x20000000, Size: 0x00001ca8, Max: 0x00005000, ABSOLUTE, COMPRESSED[0x000006f8])

    Base Addr    Size         Type   Attr      Idx    E Section Name        Object

    0x20000000   0x00000006   Data   RW          159    .data               stm32f10x_it.o
    0x20000006   0x00000002   PAD
    0x20000008   0x00000014   Data   RW          221    .data               system_stm32f10x.o
    0x2000001c   0x0000009c   Data   RW          240    .data               ui.o
    0x200000b8   0x00000ec0   Data   RW          283    .data               oled.o
    0x20000f78   0x0000000a   Data   RW          351    .data               usart2.o
    0x20000f82   0x000000a5   Data   RW          369    .data               net.o
    0x20001027   0x00000001   PAD
    0x20001028   0x00000008   Data   RW          388    .data               eeprom.o
    0x20001030   0x00000004   Data   RW          404    .data               delay.o
    0x20001034   0x00000023   Data   RW          436    .data               usart.o
    0x20001057   0x00000014   Data   RW          499    .data               stm32f10x_rcc.o
    0x2000106b   0x00000001   PAD
    0x2000106c   0x00000004   Data   RW          870    .data               mc_w.l(mvars.o)
    0x20001070   0x00000004   Data   RW          871    .data               mc_w.l(mvars.o)
    0x20001074   0x0000013c   Zero   RW          239    .bss                ui.o
    0x200011b0   0x0000038a   Zero   RW          350    .bss                usart2.o
    0x2000153a   0x0000016e   Zero   RW          435    .bss                usart.o
    0x200016a8   0x00000200   Zero   RW          468    HEAP                startup_stm32f10x_md.o
    0x200018a8   0x00000400   Zero   RW          467    STACK               startup_stm32f10x_md.o


==============================================================================

Image component sizes


      Code (inc. data)   RO Data    RW Data    ZI Data      Debug   Object Name

       212         18          0          4          0        943   delay.o
       876         12          0          0          0       5325   edp.o
      1240         40          0          8          0       4962   eeprom.o
       244         10          0          0          0        732   key.o
        76         10          0          0          0        451   led.o
       128         14          0          0          0     258663   main.o
       220         22          0          0          0       1721   misc.o
      2256        536          0        165          0       3884   net.o
      1174         16       2072       3776          0       4497   oled.o
        28          4        236          0       1536        748   startup_stm32f10x_md.o
      1468         34          0          0          0       7950   stm32f10x_flash.o
       860         38          0          0          0       5565   stm32f10x_gpio.o
       256         24          0          6          0     203424   stm32f10x_it.o
       932         36          0         20          0       8692   stm32f10x_rcc.o
      3610         88          0          0          0      22048   stm32f10x_tim.o
      1032         22          0          0          0       8288   stm32f10x_usart.o
         0          0          0          0          0         32   sys.o
         0          0          0         20          0        540   system_stm32f10x.o
        92          4          0          0          0        596   timer.o
      3388        144          0        156        316       8729   ui.o
      1484        134          0         35        366       6413   usart.o
       540         34          0         10        906       2844   usart2.o

    ----------------------------------------------------------------------
     20120       1240       2340       4204       3124     557047   Object Totals
         0          0         32          0          0          0   (incl. Generated)
         4          0          0          4          0          0   (incl. Padding)

    ----------------------------------------------------------------------

      Code (inc. data)   RO Data    RW Data    ZI Data      Debug   Library Member Name

        94          0          0          0          0          0   __dclz77c.o
         0          0          0          0          0          0   entry.o
         0          0          0          0          0          0   entry10a.o
         0          0          0          0          0          0   entry11a.o
         8          4          0          0          0          0   entry2.o
         4          0          0          0          0          0   entry5.o
         0          0          0          0          0          0   entry7b.o
         0          0          0          0          0          0   entry8b.o
         8          4          0          0          0          0   entry9a.o
        30          0          0          0          0          0   handlers.o
        36          8          0          0          0         68   init.o
       188         20          0          0          0        160   malloc.o
        36          0          0          0          0         68   memcpya.o
        36          0          0          0          0        108   memseta.o
         0          0          0          8          0          0   mvars.o
       490         10          0          0          0        252   printf3.o
        24          0          0          0          0         68   strcat.o
        14          0          0          0          0         68   strlen.o
        36          0          0          0          0         80   strstr.o
        44          0          0          0          0         80   uidiv.o

    ----------------------------------------------------------------------
      1056         46          0          8          0        952   Library Totals
         8          0          0          0          0          0   (incl. Padding)

    ----------------------------------------------------------------------

      Code (inc. data)   RO Data    RW Data    ZI Data      Debug   Library Name

      1048         46          0          8          0        952   mc_w.l

    ----------------------------------------------------------------------
      1056         46          0          8          0        952   Library Totals

    ----------------------------------------------------------------------

==============================================================================


      Code (inc. data)   RO Data    RW Data    ZI Data      Debug   

     21176       1286       2340       4212       3124     556099   Grand Totals
     21176       1286       2340       1784       3124     556099   ELF Image Totals (compressed)
     21176       1286       2340       1784          0          0   ROM Totals

==============================================================================

    Total RO  Size (Code + RO Data)                23516 (  22.96kB)
    Total RW  Size (RW Data + ZI Data)              7336 (   7.16kB)
    Total ROM Size (Code + RO Data + RW Data)      25300 (  24.71kB)

==============================================================================

